00:00 +0: loading /Users/dulorai/olitun/olitunapp/test/features/lessons/lesson_detail_screen_test.dart                                                                                                 00:01 +0: loading /Users/dulorai/olitun/olitunapp/test/features/lessons/lesson_detail_screen_test.dart                                                                                                 00:02 +0: loading /Users/dulorai/olitun/olitunapp/test/features/lessons/lesson_detail_screen_test.dart                                                                                                 00:03 +0: loading /Users/dulorai/olitun/olitunapp/test/features/lessons/lesson_detail_screen_test.dart                                                                                                 00:03 +0: LessonDetailScreen shows loading state                                                                                                                                                       00:04 +0: LessonDetailScreen shows loading state                                                                                                                                                       00:04 +0: LessonDetailScreen shows loading state                                                                                                                                                       
[Cache] read list error (cached_letters): HiveError: You need to initialize Hive or provide a path to store the box.
❌ _loadLetters network FAILED: AppwriteException: , Invalid endpoint URL:  (0)
══╡ EXCEPTION CAUGHT BY FLUTTER TEST FRAMEWORK ╞════════════════════════════════════════════════════
The following HiveError was thrown running a test:
You need to initialize Hive or provide a path to store the box.

When the exception was thrown, this was the stack:
#0      BackendManager.open (package:hive/src/backend/vm/backend_manager.dart:21:7)
#1      HiveImpl._openBox (package:hive/src/hive_impl.dart:101:36)
#2      HiveImpl.openBox (package:hive/src/hive_impl.dart:142:18)
#3      CacheService._getBox (package:itun/core/storage/cache_service.dart:21:23)
#4      CacheService.getList (package:itun/core/storage/cache_service.dart:54:25)
#5      LettersNotifier._loadLetters (package:itun/shared/providers/letters_provider.dart:75:39)
#6      new LettersNotifier (package:itun/shared/providers/letters_provider.dart:15:5)
#7      new _MockLettersNotifier (file:///Users/dulorai/olitun/olitunapp/test/features/lessons/lesson_detail_screen_test.dart)
#8      main.<anonymous closure>.<anonymous closure> (file:///Users/dulorai/olitun/olitunapp/test/features/lessons/lesson_detail_screen_test.dart:54:47)
#9      StateNotifierProvider._create (package:riverpod/src/state_notifier_provider/base.dart:119:21)
#10     StateNotifierProviderElement.create.<anonymous closure> (package:riverpod/src/state_notifier_provider/base.dart:172:64)
#11     Result.guard (package:riverpod/src/result.dart:21:28)
#12     StateNotifierProviderElement.create (package:riverpod/src/state_notifier_provider/base.dart:172:43)
#13     ProviderElementBase.buildState (package:riverpod/src/framework/element.dart:426:7)
#14     ProviderElementBase.mount (package:riverpod/src/framework/element.dart:228:5)
#15     _StateReader._create (package:riverpod/src/framework/container.dart:47:11)
#16     _StateReader.getElement (package:riverpod/src/framework/container.dart:35:52)
#17     ProviderContainer.readProviderElement.<anonymous closure> (package:riverpod/src/framework/container.dart:440:40)
#18     ProviderContainer.readProviderElement (package:riverpod/src/framework/container.dart:475:8)
#19     ProviderBase.addListener (package:riverpod/src/framework/provider_base.dart:79:26)
#20     ProviderContainer.listen (package:riverpod/src/framework/container.dart:280:21)
#21     ConsumerStatefulElement.watch.<anonymous closure> (package:flutter_riverpod/src/consumer.dart:564:25)
#22     _LinkedHashMapMixin.putIfAbsent (dart:_compact_hash:674:23)
#23     ConsumerStatefulElement.watch (package:flutter_riverpod/src/consumer.dart:557:26)
#24     LessonDetailScreen.build (package:itun/features/lessons/presentation/lesson_detail_screen.dart:25:9)
#25     _ConsumerState.build (package:flutter_riverpod/src/consumer.dart:476:19)
#26     StatefulElement.build (package:flutter/src/widgets/framework.dart:5833:27)
#27     ConsumerStatefulElement.build (package:flutter_riverpod/src/consumer.dart:539:20)
#28     ComponentElement.performRebuild (package:flutter/src/widgets/framework.dart:5723:15)
#29     StatefulElement.performRebuild (package:flutter/src/widgets/framework.dart:5884:11)
#30     Element.rebuild (package:flutter/src/widgets/framework.dart:5435:7)
#31     ComponentElement._firstBuild (package:flutter/src/widgets/framework.dart:5705:5)
#32     StatefulElement._firstBuild (package:flutter/src/widgets/framework.dart:5875:11)
#33     ComponentElement.mount (package:flutter/src/widgets/framework.dart:5699:5)
...     Normal element mounting (228 frames)
#261    Element.inflateWidget (package:flutter/src/widgets/framework.dart:4548:16)
#262    MultiChildRenderObjectElement.inflateWidget (package:flutter/src/widgets/framework.dart:7169:36)
#263    MultiChildRenderObjectElement.mount (package:flutter/src/widgets/framework.dart:7185:32)
...     Normal element mounting (471 frames)
#734    _UncontrolledProviderScopeElement.mount (package:flutter_riverpod/src/framework.dart:315:11)
...     Normal element mounting (9 frames)
#743    Element.inflateWidget (package:flutter/src/widgets/framework.dart:4548:16)
#744    Element.updateChild (package:flutter/src/widgets/framework.dart:3998:20)
#745    ComponentElement.performRebuild (package:flutter/src/widgets/framework.dart:5747:16)
#746    Element.rebuild (package:flutter/src/widgets/framework.dart:5435:7)
#747    ProxyElement.update (package:flutter/src/widgets/framework.dart:6051:5)
#748    _InheritedNotifierElement.update (package:flutter/src/widgets/inherited_notifier.dart:108:11)
#749    Element.updateChild (package:flutter/src/widgets/framework.dart:3982:15)
#750    ComponentElement.performRebuild (package:flutter/src/widgets/framework.dart:5747:16)
#751    StatefulElement.performRebuild (package:flutter/src/widgets/framework.dart:5884:11)
#752    Element.rebuild (package:flutter/src/widgets/framework.dart:5435:7)
#753    StatefulElement.update (package:flutter/src/widgets/framework.dart:5909:5)
#754    Element.updateChild (package:flutter/src/widgets/framework.dart:3982:15)
#755    ComponentElement.performRebuild (package:flutter/src/widgets/framework.dart:5747:16)
#756    Element.rebuild (package:flutter/src/widgets/framework.dart:5435:7)
#757    ProxyElement.update (package:flutter/src/widgets/framework.dart:6051:5)
#758    _InheritedNotifierElement.update (package:flutter/src/widgets/inherited_notifier.dart:108:11)
#759    Element.updateChild (package:flutter/src/widgets/framework.dart:3982:15)
#760    ComponentElement.performRebuild (package:flutter/src/widgets/framework.dart:5747:16)
#761    StatefulElement.performRebuild (package:flutter/src/widgets/framework.dart:5884:11)
#762    Element.rebuild (package:flutter/src/widgets/framework.dart:5435:7)
#763    StatefulElement.update (package:flutter/src/widgets/framework.dart:5909:5)
#764    Element.updateChild (package:flutter/src/widgets/framework.dart:3982:15)
#765    ComponentElement.performRebuild (package:flutter/src/widgets/framework.dart:5747:16)
#766    StatefulElement.performRebuild (package:flutter/src/widgets/framework.dart:5884:11)
#767    Element.rebuild (package:flutter/src/widgets/framework.dart:5435:7)
#768    StatefulElement.update (package:flutter/src/widgets/framework.dart:5909:5)
#769    Element.updateChild (package:flutter/src/widgets/framework.dart:3982:15)
#770    ComponentElement.performRebuild (package:flutter/src/widgets/framework.dart:5747:16)
#771    Element.rebuild (package:flutter/src/widgets/framework.dart:5435:7)
#772    ProxyElement.update (package:flutter/src/widgets/framework.dart:6051:5)
#773    Element.updateChild (package:flutter/src/widgets/framework.dart:3982:15)
#774    ComponentElement.performRebuild (package:flutter/src/widgets/framework.dart:5747:16)
#775    StatefulElement.performRebuild (package:flutter/src/widgets/framework.dart:5884:11)
#776    Element.rebuild (package:flutter/src/widgets/framework.dart:5435:7)
#777    StatefulElement.update (package:flutter/src/widgets/framework.dart:5909:5)
#778    Element.updateChild (package:flutter/src/widgets/framework.dart:3982:15)
#779    ComponentElement.performRebuild (package:flutter/src/widgets/framework.dart:5747:16)
#780    Element.rebuild (package:flutter/src/widgets/framework.dart:5435:7)
#781    ProxyElement.update (package:flutter/src/widgets/framework.dart:6051:5)
#782    Element.updateChild (package:flutter/src/widgets/framework.dart:3982:15)
#783    ComponentElement.performRebuild (package:flutter/src/widgets/framework.dart:5747:16)
#784    Element.rebuild (package:flutter/src/widgets/framework.dart:5435:7)
#785    ProxyElement.update (package:flutter/src/widgets/framework.dart:6051:5)
#786    Element.updateChild (package:flutter/src/widgets/framework.dart:3982:15)
#787    _RawViewElement._updateChild (package:flutter/src/widgets/view.dart:481:16)
#788    _RawViewElement.update (package:flutter/src/widgets/view.dart:568:5)
#789    Element.updateChild (package:flutter/src/widgets/framework.dart:3982:15)
#790    ComponentElement.performRebuild (package:flutter/src/widgets/framework.dart:5747:16)
#791    Element.rebuild (package:flutter/src/widgets/framework.dart:5435:7)
#792    StatelessElement.update (package:flutter/src/widgets/framework.dart:5797:5)
#793    Element.updateChild (package:flutter/src/widgets/framework.dart:3982:15)
#794    ComponentElement.performRebuild (package:flutter/src/widgets/framework.dart:5747:16)
#795    StatefulElement.performRebuild (package:flutter/src/widgets/framework.dart:5884:11)
#796    Element.rebuild (package:flutter/src/widgets/framework.dart:5435:7)
#797    StatefulElement.update (package:flutter/src/widgets/framework.dart:5909:5)
#798    Element.updateChild (package:flutter/src/widgets/framework.dart:3982:15)
#799    RootElement._rebuild (package:flutter/src/widgets/binding.dart:1716:16)
#800    RootElement.update (package:flutter/src/widgets/binding.dart:1694:5)
#801    RootElement.performRebuild (package:flutter/src/widgets/binding.dart:1708:7)
#802    Element.rebuild (package:flutter/src/widgets/framework.dart:5435:7)
#803    BuildScope._tryRebuild (package:flutter/src/widgets/framework.dart:2695:15)
#804    BuildScope._flushDirtyElements (package:flutter/src/widgets/framework.dart:2752:11)
#805    BuildOwner.buildScope (package:flutter/src/widgets/framework.dart:3056:18)
#806    AutomatedTestWidgetsFlutterBinding.drawFrame (package:flutter_test/src/binding.dart:1506:19)
#807    RendererBinding._handlePersistentFrameCallback (package:flutter/src/rendering/binding.dart:495:5)
#808    SchedulerBinding._invokeFrameCallback (package:flutter/src/scheduler/binding.dart:1434:15)
#809    SchedulerBinding.handleDrawFrame (package:flutter/src/scheduler/binding.dart:1347:9)
#810    AutomatedTestWidgetsFlutterBinding.pump.<anonymous closure> (package:flutter_test/src/binding.dart:1335:9)
#813    TestAsyncUtils.guard (package:flutter_test/src/test_async_utils.dart:74:41)
#814    AutomatedTestWidgetsFlutterBinding.pump (package:flutter_test/src/binding.dart:1324:27)
#815    WidgetTester.pumpWidget.<anonymous closure> (package:flutter_test/src/widget_tester.dart:598:22)
#818    TestAsyncUtils.guard (package:flutter_test/src/test_async_utils.dart:74:41)
#819    WidgetTester.pumpWidget (package:flutter_test/src/widget_tester.dart:595:27)
#820    main.<anonymous closure> (file:///Users/dulorai/olitun/olitunapp/test/features/lessons/lesson_detail_screen_test.dart:48:18)
#821    testWidgets.<anonymous closure>.<anonymous closure> (package:flutter_test/src/widget_tester.dart:192:29)
<asynchronous suspension>
#822    TestWidgetsFlutterBinding._runTestBody (package:flutter_test/src/binding.dart:1059:5)
<asynchronous suspension>
<asynchronous suspension>
(elided 5 frames from dart:async and package:stack_trace)

The test description was:
  LessonDetailScreen shows loading state
════════════════════════════════════════════════════════════════════════════════════════════════════
00:04 +0 -1: LessonDetailScreen shows loading state [E]                                                                                                                                                
  Test failed. See exception logs above.
  The test description was: LessonDetailScreen shows loading state
  
Warning: At least one test in this suite creates an HttpClient. When running a test suite that uses
TestWidgetsFlutterBinding, all HTTP requests will return status code 400, and no network request
will actually be made. Any test expecting a real network connection and status code will fail.
To test code that needs an HttpClient, provide your own HttpClient implementation to the code under
test, so that your test can consistently provide a testable response to the code under test.

To run this test again: /opt/homebrew/share/flutter/bin/cache/dart-sdk/bin/dart test /Users/dulorai/olitun/olitunapp/test/features/lessons/lesson_detail_screen_test.dart -p vm --plain-name 'LessonDetailScreen shows loading state'
00:04 +0 -1: LessonDetailScreen shows lesson content                                                                                                                                                   00:04 +0 -1: LessonDetailScreen shows lesson content                                                                                                                                                   
[Cache] read list error (cached_letters): HiveError: You need to initialize Hive or provide a path to store the box.
❌ _loadLetters network FAILED: AppwriteException: , Invalid endpoint URL:  (0)
══╡ EXCEPTION CAUGHT BY FLUTTER TEST FRAMEWORK ╞════════════════════════════════════════════════════
The following HiveError was thrown running a test:
You need to initialize Hive or provide a path to store the box.

When the exception was thrown, this was the stack:
#0      BackendManager.open (package:hive/src/backend/vm/backend_manager.dart:21:7)
#1      HiveImpl._openBox (package:hive/src/hive_impl.dart:101:36)
#2      HiveImpl.openBox (package:hive/src/hive_impl.dart:142:18)
#3      CacheService._getBox (package:itun/core/storage/cache_service.dart:21:23)
#4      CacheService.getList (package:itun/core/storage/cache_service.dart:54:25)
#5      LettersNotifier._loadLetters (package:itun/shared/providers/letters_provider.dart:75:39)
#6      new LettersNotifier (package:itun/shared/providers/letters_provider.dart:15:5)
#7      new _MockLettersNotifier (file:///Users/dulorai/olitun/olitunapp/test/features/lessons/lesson_detail_screen_test.dart)
#8      main.<anonymous closure>.<anonymous closure> (file:///Users/dulorai/olitun/olitunapp/test/features/lessons/lesson_detail_screen_test.dart:71:47)
#9      StateNotifierProvider._create (package:riverpod/src/state_notifier_provider/base.dart:119:21)
#10     StateNotifierProviderElement.create.<anonymous closure> (package:riverpod/src/state_notifier_provider/base.dart:172:64)
#11     Result.guard (package:riverpod/src/result.dart:21:28)
#12     StateNotifierProviderElement.create (package:riverpod/src/state_notifier_provider/base.dart:172:43)
#13     ProviderElementBase.buildState (package:riverpod/src/framework/element.dart:426:7)
#14     ProviderElementBase.mount (package:riverpod/src/framework/element.dart:228:5)
#15     _StateReader._create (package:riverpod/src/framework/container.dart:47:11)
#16     _StateReader.getElement (package:riverpod/src/framework/container.dart:35:52)
#17     ProviderContainer.readProviderElement.<anonymous closure> (package:riverpod/src/framework/container.dart:440:40)
#18     ProviderContainer.readProviderElement (package:riverpod/src/framework/container.dart:475:8)
#19     ProviderBase.addListener (package:riverpod/src/framework/provider_base.dart:79:26)
#20     ProviderContainer.listen (package:riverpod/src/framework/container.dart:280:21)
#21     ConsumerStatefulElement.watch.<anonymous closure> (package:flutter_riverpod/src/consumer.dart:564:25)
#22     _LinkedHashMapMixin.putIfAbsent (dart:_compact_hash:674:23)
#23     ConsumerStatefulElement.watch (package:flutter_riverpod/src/consumer.dart:557:26)
#24     LessonDetailScreen.build (package:itun/features/lessons/presentation/lesson_detail_screen.dart:25:9)
#25     _ConsumerState.build (package:flutter_riverpod/src/consumer.dart:476:19)
#26     StatefulElement.build (package:flutter/src/widgets/framework.dart:5833:27)
#27     ConsumerStatefulElement.build (package:flutter_riverpod/src/consumer.dart:539:20)
#28     ComponentElement.performRebuild (package:flutter/src/widgets/framework.dart:5723:15)
#29     StatefulElement.performRebuild (package:flutter/src/widgets/framework.dart:5884:11)
#30     Element.rebuild (package:flutter/src/widgets/framework.dart:5435:7)
#31     ComponentElement._firstBuild (package:flutter/src/widgets/framework.dart:5705:5)
#32     StatefulElement._firstBuild (package:flutter/src/widgets/framework.dart:5875:11)
#33     ComponentElement.mount (package:flutter/src/widgets/framework.dart:5699:5)
...     Normal element mounting (228 frames)
#261    Element.inflateWidget (package:flutter/src/widgets/framework.dart:4548:16)
#262    MultiChildRenderObjectElement.inflateWidget (package:flutter/src/widgets/framework.dart:7169:36)
#263    MultiChildRenderObjectElement.mount (package:flutter/src/widgets/framework.dart:7185:32)
...     Normal element mounting (471 frames)
#734    _UncontrolledProviderScopeElement.mount (package:flutter_riverpod/src/framework.dart:315:11)
...     Normal element mounting (9 frames)
#743    Element.inflateWidget (package:flutter/src/widgets/framework.dart:4548:16)
#744    Element.updateChild (package:flutter/src/widgets/framework.dart:3998:20)
#745    ComponentElement.performRebuild (package:flutter/src/widgets/framework.dart:5747:16)
#746    Element.rebuild (package:flutter/src/widgets/framework.dart:5435:7)
#747    ProxyElement.update (package:flutter/src/widgets/framework.dart:6051:5)
#748    _InheritedNotifierElement.update (package:flutter/src/widgets/inherited_notifier.dart:108:11)
#749    Element.updateChild (package:flutter/src/widgets/framework.dart:3982:15)
#750    ComponentElement.performRebuild (package:flutter/src/widgets/framework.dart:5747:16)
#751    StatefulElement.performRebuild (package:flutter/src/widgets/framework.dart:5884:11)
#752    Element.rebuild (package:flutter/src/widgets/framework.dart:5435:7)
#753    StatefulElement.update (package:flutter/src/widgets/framework.dart:5909:5)
#754    Element.updateChild (package:flutter/src/widgets/framework.dart:3982:15)
#755    ComponentElement.performRebuild (package:flutter/src/widgets/framework.dart:5747:16)
#756    Element.rebuild (package:flutter/src/widgets/framework.dart:5435:7)
#757    ProxyElement.update (package:flutter/src/widgets/framework.dart:6051:5)
#758    _InheritedNotifierElement.update (package:flutter/src/widgets/inherited_notifier.dart:108:11)
#759    Element.updateChild (package:flutter/src/widgets/framework.dart:3982:15)
#760    ComponentElement.performRebuild (package:flutter/src/widgets/framework.dart:5747:16)
#761    StatefulElement.performRebuild (package:flutter/src/widgets/framework.dart:5884:11)
#762    Element.rebuild (package:flutter/src/widgets/framework.dart:5435:7)
#763    StatefulElement.update (package:flutter/src/widgets/framework.dart:5909:5)
#764    Element.updateChild (package:flutter/src/widgets/framework.dart:3982:15)
#765    ComponentElement.performRebuild (package:flutter/src/widgets/framework.dart:5747:16)
#766    StatefulElement.performRebuild (package:flutter/src/widgets/framework.dart:5884:11)
#767    Element.rebuild (package:flutter/src/widgets/framework.dart:5435:7)
#768    StatefulElement.update (package:flutter/src/widgets/framework.dart:5909:5)
#769    Element.updateChild (package:flutter/src/widgets/framework.dart:3982:15)
#770    ComponentElement.performRebuild (package:flutter/src/widgets/framework.dart:5747:16)
#771    Element.rebuild (package:flutter/src/widgets/framework.dart:5435:7)
#772    ProxyElement.update (package:flutter/src/widgets/framework.dart:6051:5)
#773    Element.updateChild (package:flutter/src/widgets/framework.dart:3982:15)
#774    ComponentElement.performRebuild (package:flutter/src/widgets/framework.dart:5747:16)
#775    StatefulElement.performRebuild (package:flutter/src/widgets/framework.dart:5884:11)
#776    Element.rebuild (package:flutter/src/widgets/framework.dart:5435:7)
#777    StatefulElement.update (package:flutter/src/widgets/framework.dart:5909:5)
#778    Element.updateChild (package:flutter/src/widgets/framework.dart:3982:15)
#779    ComponentElement.performRebuild (package:flutter/src/widgets/framework.dart:5747:16)
#780    Element.rebuild (package:flutter/src/widgets/framework.dart:5435:7)
#781    ProxyElement.update (package:flutter/src/widgets/framework.dart:6051:5)
#782    Element.updateChild (package:flutter/src/widgets/framework.dart:3982:15)
#783    ComponentElement.performRebuild (package:flutter/src/widgets/framework.dart:5747:16)
#784    Element.rebuild (package:flutter/src/widgets/framework.dart:5435:7)
#785    ProxyElement.update (package:flutter/src/widgets/framework.dart:6051:5)
#786    Element.updateChild (package:flutter/src/widgets/framework.dart:3982:15)
#787    _RawViewElement._updateChild (package:flutter/src/widgets/view.dart:481:16)
#788    _RawViewElement.update (package:flutter/src/widgets/view.dart:568:5)
#789    Element.updateChild (package:flutter/src/widgets/framework.dart:3982:15)
#790    ComponentElement.performRebuild (package:flutter/src/widgets/framework.dart:5747:16)
#791    Element.rebuild (package:flutter/src/widgets/framework.dart:5435:7)
#792    StatelessElement.update (package:flutter/src/widgets/framework.dart:5797:5)
#793    Element.updateChild (package:flutter/src/widgets/framework.dart:3982:15)
#794    ComponentElement.performRebuild (package:flutter/src/widgets/framework.dart:5747:16)
#795    StatefulElement.performRebuild (package:flutter/src/widgets/framework.dart:5884:11)
#796    Element.rebuild (package:flutter/src/widgets/framework.dart:5435:7)
#797    StatefulElement.update (package:flutter/src/widgets/framework.dart:5909:5)
#798    Element.updateChild (package:flutter/src/widgets/framework.dart:3982:15)
#799    RootElement._rebuild (package:flutter/src/widgets/binding.dart:1716:16)
#800    RootElement.update (package:flutter/src/widgets/binding.dart:1694:5)
#801    RootElement.performRebuild (package:flutter/src/widgets/binding.dart:1708:7)
#802    Element.rebuild (package:flutter/src/widgets/framework.dart:5435:7)
#803    BuildScope._tryRebuild (package:flutter/src/widgets/framework.dart:2695:15)
#804    BuildScope._flushDirtyElements (package:flutter/src/widgets/framework.dart:2752:11)
#805    BuildOwner.buildScope (package:flutter/src/widgets/framework.dart:3056:18)
#806    AutomatedTestWidgetsFlutterBinding.drawFrame (package:flutter_test/src/binding.dart:1506:19)
#807    RendererBinding._handlePersistentFrameCallback (package:flutter/src/rendering/binding.dart:495:5)
#808    SchedulerBinding._invokeFrameCallback (package:flutter/src/scheduler/binding.dart:1434:15)
#809    SchedulerBinding.handleDrawFrame (package:flutter/src/scheduler/binding.dart:1347:9)
#810    AutomatedTestWidgetsFlutterBinding.pump.<anonymous closure> (package:flutter_test/src/binding.dart:1335:9)
#813    TestAsyncUtils.guard (package:flutter_test/src/test_async_utils.dart:74:41)
#814    AutomatedTestWidgetsFlutterBinding.pump (package:flutter_test/src/binding.dart:1324:27)
#815    WidgetTester.pumpWidget.<anonymous closure> (package:flutter_test/src/widget_tester.dart:598:22)
#818    TestAsyncUtils.guard (package:flutter_test/src/test_async_utils.dart:74:41)
#819    WidgetTester.pumpWidget (package:flutter_test/src/widget_tester.dart:595:27)
#820    main.<anonymous closure> (file:///Users/dulorai/olitun/olitunapp/test/features/lessons/lesson_detail_screen_test.dart:65:18)
#821    testWidgets.<anonymous closure>.<anonymous closure> (package:flutter_test/src/widget_tester.dart:192:29)
<asynchronous suspension>
#822    TestWidgetsFlutterBinding._runTestBody (package:flutter_test/src/binding.dart:1059:5)
<asynchronous suspension>
<asynchronous suspension>
(elided 5 frames from dart:async and package:stack_trace)

The test description was:
  LessonDetailScreen shows lesson content
════════════════════════════════════════════════════════════════════════════════════════════════════
00:04 +0 -2: LessonDetailScreen shows lesson content [E]                                                                                                                                               
  Test failed. See exception logs above.
  The test description was: LessonDetailScreen shows lesson content
  
AutomatedTestWidgetsFlutterBinding - DEBUG MODE
[root]
└View(state: _ViewState#a9214)
 └RawView
  └_RawViewInternal-[_DeprecatedRawViewKey TestFlutterView#19b3a](renderObject: _ReusableRenderView#1b604)
   └_ViewScope
    └_PipelineOwnerScope
     └_MediaQueryFromView(state: _MediaQueryFromViewState#36c4d)
      └MediaQuery(MediaQueryData(size: Size(800.0, 600.0), devicePixelRatio: 3.0, textScaler: SystemTextScaler (no scaling), platformBrightness: Brightness.light, padding: EdgeInsets.zero, viewPadding: EdgeInsets.zero, viewInsets: EdgeInsets.zero, systemGestureInsets: EdgeInsets.zero, alwaysUse24HourFormat: false, accessibleNavigation: false, highContrast: false, onOffSwitchLabels: false, disableAnimations: false, invertColors: false, boldText: false, navigationMode: traditional, gestureSettings: DeviceGestureSettings(touchSlop: null), displayFeatures: [], supportsShowingSystemContextMenu: false))
       └FocusTraversalGroup(policy: ReadingOrderTraversalPolicy#30f56, state: _FocusTraversalGroupState#570a8)
        └Focus(debugLabel: "FocusTraversalGroup", focusNode: _FocusTraversalGroupNode#5997a(FocusTraversalGroup [IN FOCUS PATH]), state: _FocusState#9b0b7)
         └_FocusInheritedScope
          └_FocusScopeWithExternalFocusNode(debugLabel: "View Scope", focusNode: FocusScopeNode#a3feb(View Scope [IN FOCUS PATH]), dependencies: [_FocusInheritedScope], state: _FocusScopeState#61e01)
           └_FocusInheritedScope
            └ProviderScope(state: ProviderScopeState#cd1bb)
             └UncontrolledProviderScope
              └MaterialApp(state: _MaterialAppState#7f03e)
               └ScrollConfiguration(behavior: MaterialScrollBehavior)
                └HeroControllerScope
                 └Focus(dependencies: [_FocusInheritedScope], state: _FocusState#b3bd3)
                  └_FocusInheritedScope
                   └Semantics(container: false, properties: SemanticsProperties, renderObject: RenderSemanticsAnnotations#d1b8b)
                    └WidgetsApp-[GlobalObjectKey _MaterialAppState#7f03e](state: _WidgetsAppState#bd6df)
                     └RootRestorationScope(state: _RootRestorationScopeState#bf4a7)
                      └UnmanagedRestorationScope
                       └RestorationScope(dependencies: [UnmanagedRestorationScope], state: _RestorationScopeState#3e0a7)
                        └UnmanagedRestorationScope
                         └SharedAppData(state: _SharedAppDataState#b379a)
                          └_SharedAppModel
                           └NotificationListener<NavigationNotification>
                            └Shortcuts(shortcuts: <Default WidgetsApp Shortcuts>, state: _ShortcutsState#309ce)
                             └Focus(debugLabel: "Shortcuts", dependencies: [_FocusInheritedScope], state: _FocusState#d4cdd)
                              └_FocusInheritedScope
                               └Semantics(container: false, properties: SemanticsProperties, renderObject: RenderSemanticsAnnotations#44e7d)
                                └DefaultTextEditingShortcuts
                                 └Shortcuts(shortcuts: <Default Text Editing Shortcuts>, state: _ShortcutsState#86204)
                                  └Focus(debugLabel: "Shortcuts", dependencies: [_FocusInheritedScope], state: _FocusState#4d6f4)
                                   └_FocusInheritedScope
                                    └Semantics(container: false, properties: SemanticsProperties, renderObject: RenderSemanticsAnnotations#58c6f)
                                     └Actions(dispatcher: null, actions: {DoNothingIntent: DoNothingAction#6643b, DoNothingAndStopPropagationIntent: DoNothingAction#b34e6, RequestFocusIntent: RequestFocusAction#b49d8, NextFocusIntent: NextFocusAction#c1e4f, PreviousFocusIntent: PreviousFocusAction#2e86d, DirectionalFocusIntent: DirectionalFocusAction#5ee93, ScrollIntent: _OverridableContextAction<ScrollIntent>#b5897(defaultAction: ScrollAction#674f7), PrioritizedIntents: PrioritizedAction#18ec4, VoidCallbackIntent: VoidCallbackAction#e71e7}, state: _ActionsState#b1f3c)
                                      └_ActionsScope
                                       └FocusTraversalGroup(policy: ReadingOrderTraversalPolicy#a3ef7, state: _FocusTraversalGroupState#42c23)
                                        └Focus(debugLabel: "FocusTraversalGroup", focusNode: _FocusTraversalGroupNode#38011(FocusTraversalGroup [IN FOCUS PATH]), dependencies: [_FocusInheritedScope], state: _FocusState#1c098)
                                         └_FocusInheritedScope
                                          └TapRegionSurface(renderObject: RenderTapRegionSurface#7918a)
                                           └ShortcutRegistrar(state: _ShortcutRegistrarState#55d43)
                                            └_ShortcutRegistrarScope
                                             └Shortcuts(manager: ShortcutManager#7f091(shortcuts: {}), shortcuts: {}, state: _ShortcutsState#1eefb)
                                              └Focus(debugLabel: "Shortcuts", dependencies: [_FocusInheritedScope], state: _FocusState#a3369)
                                               └_FocusInheritedScope
                                                └Semantics(container: false, properties: SemanticsProperties, renderObject: RenderSemanticsAnnotations#dc49e)
                                                 └ListenableBuilder(listenable: LocalizationsResolver, state: _AnimatedState#22846)
                                                  └Localizations(locale: en, delegates: [_AppLocalizationsDelegate[AppLocalizations], GlobalMaterialLocalizations.delegate(82 locales), GlobalCupertinoLocalizations.delegate(81 locales), GlobalWidgetsLocalizations.delegate(79 locales), DefaultMaterialLocalizations.delegate(en_US), DefaultCupertinoLocalizations.delegate(en_US), DefaultWidgetsLocalizations.delegate(en_US)], state: _LocalizationsState#49b87)
                                                   └Semantics(container: false, properties: SemanticsProperties, textDirection: ltr, renderObject: RenderSemanticsAnnotations#af238)
                                                    └_LocalizationsScope-[GlobalKey#2a293]
                                                     └Directionality(textDirection: ltr)
                                                      └Title(color: Color(alpha: 1.0000, red: 0.1294, green: 0.5882, blue: 0.9529, colorSpace: ColorSpace.sRGB))
                                                       └CheckedModeBanner("DEBUG")
                                                        └Banner(dependencies: [Directionality], state: _BannerState#5fd27("DEBUG", textDirection: ltr, location: topEnd, Color(alpha: 0.6275, red: 0.7176, green: 0.1098, blue: 0.1098, colorSpace: ColorSpace.sRGB), text inherit: true, text color: Color(alpha: 1.0000, red: 1.0000, green: 1.0000, blue: 1.0000, colorSpace: ColorSpace.sRGB), text size: 10.2, text weight: 900, text height: 1.0x))
                                                         └CustomPaint(renderObject: RenderCustomPaint#f6029)
                                                          └ValueListenableBuilder<bool>(state: _ValueListenableBuilderState<bool>#c115d)
                                                           └DefaultTextStyle(debugLabel: fallback style; consider putting your text in a Material, inherit: true, color: Color(alpha: 0.8157, red: 1.0000, green: 0.0000, blue: 0.0000, colorSpace: ColorSpace.sRGB), family: monospace, size: 48.0, weight: 900, decoration: double Color(alpha: 1.0000, red: 1.0000, green: 1.0000, blue: 0.0000, colorSpace: ColorSpace.sRGB) TextDecoration.underline, softWrap: wrapping at box width, overflow: clip)
                                                            └Builder(dependencies: [MediaQuery])
                                                             └AnimatedTheme(duration: 200ms, state: _AnimatedThemeState#106d9(ticker inactive, ThemeDataTween(ThemeData#e662b → ThemeData#e662b)))
                                                              └Theme(ThemeData#e662b, dependencies: [MediaQuery])
                                                               └_InheritedTheme
                                                                └CupertinoTheme(brightness: light, primaryColor: Color(alpha: 1.0000, red: 0.4039, green: 0.3137, blue: 0.6431, colorSpace: ColorSpace.sRGB), scaffoldBackgroundColor: Color(alpha: 1.0000, red: 0.9961, green: 0.9686, blue: 1.0000, colorSpace: ColorSpace.sRGB), actionTextStyle: TextStyle(inherit: false, color: Color(alpha: 1.0000, red: 0.4039, green: 0.3137, blue: 0.6431, colorSpace: ColorSpace.sRGB), family: CupertinoSystemText, size: 17.0, letterSpacing: -0.4, decoration: TextDecoration.none), actionSmallTextStyle: TextStyle(inherit: false, color: Color(alpha: 1.0000, red: 0.4039, green: 0.3137, blue: 0.6431, colorSpace: ColorSpace.sRGB), family: CupertinoSystemText, size: 15.0, letterSpacing: -0.2, decoration: TextDecoration.none), navActionTextStyle: TextStyle(inherit: false, color: Color(alpha: 1.0000, red: 0.4039, green: 0.3137, blue: 0.6431, colorSpace: ColorSpace.sRGB), family: CupertinoSystemText, size: 17.0, letterSpacing: -0.4, decoration: TextDecoration.none))
                                                                 └InheritedCupertinoTheme
                                                                  └IconTheme(color: Color(alpha: 1.0000, red: 0.4039, green: 0.3137, blue: 0.6431, colorSpace: ColorSpace.sRGB))
                                                                   └IconTheme(color: Color(alpha: 0.8667, red: 0.0000, green: 0.0000, blue: 0.0000, colorSpace: ColorSpace.sRGB))
                                                                    └DefaultSelectionStyle
                                                                     └ScaffoldMessenger(dependencies: [MediaQuery], state: ScaffoldMessengerState#4b104)
                                                                      └_ScaffoldMessengerScope
                                                                       └DefaultSelectionStyle
                                                                        └FocusScope(debugLabel: "Navigator Scope", AUTOFOCUS, dependencies: [_FocusInheritedScope], state: _FocusScopeState#c7711)
                                                                         └Semantics(container: false, properties: SemanticsProperties, renderObject: RenderSemanticsAnnotations#123a2)
                                                                          └_FocusInheritedScope
                                                                           └Navigator-[GlobalObjectKey<NavigatorState> _WidgetsAppState#bd6df](dependencies: [HeroControllerScope, InheritedCupertinoTheme, UnmanagedRestorationScope, _InheritedTheme, _LocalizationsScope-[GlobalKey#2a293]], state: NavigatorState#c902c(tickers: tracking 1 ticker))
                                                                            └HeroControllerScope
                                                                             └NotificationListener<NavigationNotification>
                                                                              └Listener(listeners: [down, up, cancel], behavior: deferToChild, renderObject: RenderPointerListener#0db55)
                                                                               └AbsorbPointer(absorbing: false, renderObject: RenderAbsorbPointer#57dae)
                                                                                └FocusTraversalGroup(policy: ReadingOrderTraversalPolicy#a3ef7, state: _FocusTraversalGroupState#d96ad)
                                                                                 └Focus(debugLabel: "FocusTraversalGroup", focusNode: _FocusTraversalGroupNode#b92a8(FocusTraversalGroup [IN FOCUS PATH]), dependencies: [_FocusInheritedScope], state: _FocusState#dcfda)
                                                                                  └_FocusInheritedScope
                                                                                   └Focus(debugLabel: "Navigator", AUTOFOCUS, focusNode: FocusNode#58e9c(Navigator [IN FOCUS PATH]), dependencies: [_FocusInheritedScope], state: _FocusState#ee963)
                                                                                    └_FocusInheritedScope
                                                                                     └UnmanagedRestorationScope
                                                                                      └Overlay-[LabeledGlobalKey<OverlayState>#2ca93](state: OverlayState#f808e(entries: [OverlayEntry#98a20(opaque: true; maintainState: false), OverlayEntry#bfb8e(opaque: false; maintainState: true)]))
                                                                                       └_Theater(skipCount: 0, dependencies: [Directionality], renderObject: _RenderTheater#cb797)
                                                                                        ├_OverlayEntryWidget-[LabeledGlobalKey<_OverlayEntryWidgetState>#8d2f2](state: _OverlayEntryWidgetState#0b933)
                                                                                        │└TickerMode(state: _TickerModeState#54e77(requested mode: enabled))
                                                                                        │ └_EffectiveTickerMode(effective mode: enabled)
                                                                                        │  └_RenderTheaterMarker
                                                                                        │   └IgnorePointer(ignoring: false, renderObject: RenderIgnorePointer#dbd12)
                                                                                        │    └ModalBarrier
                                                                                        │     └BlockSemantics(blocking: true, renderObject: RenderBlockSemantics#935cb)
                                                                                        │      └ExcludeSemantics(excluding: true, renderObject: RenderExcludeSemantics#ed90f)
                                                                                        │       └_ModalBarrierGestureDetector
                                                                                        │        └RawGestureDetector(state: RawGestureDetectorState#12aef(gestures: [any tap], behavior: opaque))
                                                                                        │         └_GestureSemantics(renderObject: RenderSemanticsGestureHandler#09d30)
                                                                                        │          └Listener(listeners: [down, panZoomStart], behavior: opaque, renderObject: RenderPointerListener#7814d)
                                                                                        │           └Semantics(container: false, properties: SemanticsProperties, renderObject: RenderSemanticsAnnotations#711a2)
                                                                                        │            └MouseRegion(listeners: <none>, cursor: SystemMouseCursor(basic), renderObject: RenderMouseRegion#70059)
                                                                                        │             └ConstrainedBox(BoxConstraints(biggest), renderObject: RenderConstrainedBox#0f921)
                                                                                        └_OverlayEntryWidget-[LabeledGlobalKey<_OverlayEntryWidgetState>#03b3c](state: _OverlayEntryWidgetState#a74ca)
                                                                                         └TickerMode(state: _TickerModeState#13a0c(requested mode: enabled))
                                                                                          └_EffectiveTickerMode(effective mode: enabled)
                                                                                           └_RenderTheaterMarker
                                                                                            └Semantics(container: false, properties: SemanticsProperties, sortKey: OrdinalSortKey#0821c(order: 0.0), renderObject: RenderSemanticsAnnotations#38fd0)
                                                                                             └_ModalScope<dynamic>-[LabeledGlobalKey<_ModalScopeState<dynamic>>#406b6](state: _ModalScopeState<dynamic>#1d77e)
                                                                                              └AnimatedBuilder(listenable: ValueNotifier<String?>#96fcc(null), state: _AnimatedState#ce83e)
                                                                                               └RestorationScope(dependencies: [UnmanagedRestorationScope], state: _RestorationScopeState#42400)
                                                                                                └UnmanagedRestorationScope
                                                                                                 └_ModalScopeStatus(active)
                                                                                                  └Offstage(offstage: false, renderObject: RenderOffstage#687e6)
                                                                                                   └PageStorage
                                                                                                    └Builder
                                                                                                     └Actions(dispatcher: null, actions: {DismissIntent: _DismissModalAction#4e3dd}, state: _ActionsState#15c4a)
                                                                                                      └_ActionsScope
                                                                                                       └PrimaryScrollController(ScrollController#76f58(one client, offset 0.0))
                                                                                                        └_FocusScopeWithExternalFocusNode(debugLabel: "_ModalScopeState<dynamic> Focus Scope", focusNode: FocusScopeNode#18831(_ModalScopeState<dynamic> Focus Scope [PRIMARY FOCUS]), dependencies: [_FocusInheritedScope], state: _FocusScopeState#b71ef)
                                                                                                         └Semantics(container: false, properties: SemanticsProperties, renderObject: RenderSemanticsAnnotations#41e95)
                                                                                                          └_FocusInheritedScope
                                                                                                           └RepaintBoundary(renderObject: RenderRepaintBoundary#0d193)
                                                                                                            └ListenableBuilder(listenable: Listenable.merge([AnimationController#7a3a5(⏭ 1.000; paused; for MaterialPageRoute<dynamic>(/))➩ProxyAnimation, kAlwaysDismissedAnimation➩ProxyAnimation➩ProxyAnimation]), dependencies: [InheritedCupertinoTheme, _InheritedTheme, _LocalizationsScope-[GlobalKey#2a293]], state: _AnimatedState#623d7)
                                                                                                             └_PageTransitionsThemeTransitions<dynamic>(dependencies: [InheritedCupertinoTheme, _InheritedTheme, _LocalizationsScope-[GlobalKey#2a293]], state: _PageTransitionsThemeTransitionsState<dynamic>#b416b)
                                                                                                              └_ZoomPageTransition(dependencies: [InheritedCupertinoTheme, _InheritedTheme, _LocalizationsScope-[GlobalKey#2a293]])
                                                                                                               └DualTransitionBuilder(state: _DualTransitionBuilderState#56c2a)
                                                                                                                └_ZoomEnterTransition(state: _ZoomEnterTransitionState#8cfe8)
                                                                                                                 └SnapshotWidget(dependencies: [MediaQuery], renderObject: _RenderSnapshotWidget#adbc7)
                                                                                                                  └_ZoomExitTransition(state: _ZoomExitTransitionState#16632)
                                                                                                                   └SnapshotWidget(dependencies: [MediaQuery], renderObject: _RenderSnapshotWidget#303a9)
                                                                                                                    └DualTransitionBuilder(state: _DualTransitionBuilderState#41216)
                                                                                                                     └_ZoomEnterTransition(state: _ZoomEnterTransitionState#edbfd)
                                                                                                                      └SnapshotWidget(dependencies: [MediaQuery], renderObject: _RenderSnapshotWidget#e9195)
                                                                                                                       └_ZoomExitTransition(state: _ZoomExitTransitionState#17587)
                                                                                                                        └SnapshotWidget(dependencies: [MediaQuery], renderObject: _RenderSnapshotWidget#d103d)
                                                                                                                         └ListenableBuilder(listenable: ValueNotifier<bool>#88837(false), state: _AnimatedState#06830)
                                                                                                                          └IgnorePointer(ignoring: false, renderObject: RenderIgnorePointer#8c886)
                                                                                                                           └RepaintBoundary-[GlobalKey#af8c3](renderObject: RenderRepaintBoundary#060f9)
                                                                                                                            └Builder
                                                                                                                             └Semantics(container: false, properties: SemanticsProperties, renderObject: RenderSemanticsAnnotations#87b4b)
                                                                                                                              └LessonDetailScreen(dependencies: [InheritedCupertinoTheme, UncontrolledProviderScope, _InheritedTheme, _LocalizationsScope-[GlobalKey#2a293]], state: _ConsumerState#9eca1)
                                                                                                                               └Scaffold(dependencies: [Directionality, InheritedCupertinoTheme, MediaQuery, UnmanagedRestorationScope, _InheritedTheme, _LocalizationsScope-[GlobalKey#2a293], _ScaffoldMessengerScope], state: ScaffoldState#650d1(tickers: tracking 3 tickers))
                                                                                                                                └_ScaffoldScope
                                                                                                                                 └ScrollNotificationObserver(state: ScrollNotificationObserverState#b3bcb)
                                                                                                                                  └NotificationListener<ScrollMetricsNotification>
                                                                                                                                   └NotificationListener<ScrollNotification>
                                                                                                                                    └_ScrollNotificationObserverScope
                                                                                                                                     └Material(type: canvas, color: Color(alpha: 1.0000, red: 1.0000, green: 1.0000, blue: 1.0000, colorSpace: ColorSpace.sRGB), dependencies: [InheritedCupertinoTheme, _InheritedTheme, _LocalizationsScope-[GlobalKey#2a293]], state: _MaterialState#b6172)
                                                                                                                                      └AnimatedPhysicalModel(duration: 200ms, shape: rectangle, borderRadius: null, elevation: 0.0, color: Color(alpha: 1.0000, red: 1.0000, green: 1.0000, blue: 1.0000, colorSpace: ColorSpace.sRGB), animateColor: false, shadowColor: Color(alpha: 1.0000, red: 0.0000, green: 0.0000, blue: 0.0000, colorSpace: ColorSpace.sRGB), animateShadowColor: true, state: _AnimatedPhysicalModelState#aac7d(ticker inactive))
                                                                                                                                       └PhysicalModel(shape: rectangle, borderRadius: BorderRadius.zero, elevation: 0.0, color: Color(alpha: 1.0000, red: 1.0000, green: 1.0000, blue: 1.0000, colorSpace: ColorSpace.sRGB), shadowColor: Color(alpha: 1.0000, red: 0.0000, green: 0.0000, blue: 0.0000, colorSpace: ColorSpace.sRGB), renderObject: RenderPhysicalModel#41db8)
                                                                                                                                        └NotificationListener<LayoutChangedNotification>
                                                                                                                                         └_InkFeatures-[GlobalKey#af3d6 ink renderer](renderObject: _RenderInkFeatures#14c47)
                                                                                                                                          └AnimatedDefaultTextStyle(duration: 200ms, debugLabel: (englishLike bodyMedium 2021).merge((blackMountainView bodyMedium).apply), inherit: false, color: Color(alpha: 1.0000, red: 0.1137, green: 0.1059, blue: 0.1255, colorSpace: ColorSpace.sRGB), family: Roboto, size: 14.0, weight: 400, letterSpacing: 0.3, baseline: alphabetic, height: 1.4x, leadingDistribution: even, decoration: Color(alpha: 1.0000, red: 0.1137, green: 0.1059, blue: 0.1255, colorSpace: ColorSpace.sRGB) TextDecoration.none, softWrap: wrapping at box width, overflow: clip, state: _AnimatedDefaultTextStyleState#f2c73(ticker inactive))
                                                                                                                                           └DefaultTextStyle(debugLabel: (englishLike bodyMedium 2021).merge((blackMountainView bodyMedium).apply), inherit: false, color: Color(alpha: 1.0000, red: 0.1137, green: 0.1059, blue: 0.1255, colorSpace: ColorSpace.sRGB), family: Roboto, size: 14.0, weight: 400, letterSpacing: 0.3, baseline: alphabetic, height: 1.4x, leadingDistribution: even, decoration: Color(alpha: 1.0000, red: 0.1137, green: 0.1059, blue: 0.1255, colorSpace: ColorSpace.sRGB) TextDecoration.none, softWrap: wrapping at box width, overflow: clip)
                                                                                                                                            └AnimatedBuilder(listenable: AnimationController#f603f(⏭ 1.000; paused), state: _AnimatedState#1a786)
                                                                                                                                             └Actions(dispatcher: null, actions: {DismissIntent: _DismissDrawerAction#20036}, state: _ActionsState#b45ab)
                                                                                                                                              └_ActionsScope
                                                                                                                                               └CustomMultiChildLayout(renderObject: RenderCustomMultiChildLayoutBox#0804b)
                                                                                                                                                ├LayoutId-[<_ScaffoldSlot.body>](id: _ScaffoldSlot.body)
                                                                                                                                                │└MediaQuery(MediaQueryData(size: Size(800.0, 600.0), devicePixelRatio: 3.0, textScaler: SystemTextScaler (no scaling), platformBrightness: Brightness.light, padding: EdgeInsets.zero, viewPadding: EdgeInsets.zero, viewInsets: EdgeInsets.zero, systemGestureInsets: EdgeInsets.zero, alwaysUse24HourFormat: false, accessibleNavigation: false, highContrast: false, onOffSwitchLabels: false, disableAnimations: false, invertColors: false, boldText: false, navigationMode: traditional, gestureSettings: DeviceGestureSettings(touchSlop: null), displayFeatures: [], supportsShowingSystemContextMenu: false))
                                                                                                                                                │ └_BodyBuilder
                                                                                                                                                │  └KeyedSubtree-[GlobalKey#9be9b]
                                                                                                                                                │   └CustomScrollView(scrollDirection: vertical, BouncingScrollPhysics -> AlwaysScrollableScrollPhysics, dependencies: [InheritedCupertinoTheme, PrimaryScrollController, ScrollConfiguration, _InheritedTheme, _LocalizationsScope-[GlobalKey#2a293]])
                                                                                                                                                │    └PrimaryScrollController(no controller)
                                                                                                                                                │     └Scrollable(axisDirection: down, physics: BouncingScrollPhysics -> AlwaysScrollableScrollPhysics, restorationId: null, dependencies: [InheritedCupertinoTheme, MediaQuery, ScrollConfiguration, UnmanagedRestorationScope, _InheritedTheme, _LocalizationsScope-[GlobalKey#2a293]], state: ScrollableState#2522f(position: ScrollPositionWithSingleContext#304d0(offset: 0.0, range: 0.0..74.0, viewport: 600.0, ScrollableState, BouncingScrollPhysics -> AlwaysScrollableScrollPhysics -> ClampingScrollPhysics -> RangeMaintainingScrollPhysics, IdleScrollActivity#f8a14, ScrollDirection.idle), effective physics: BouncingScrollPhysics -> AlwaysScrollableScrollPhysics -> ClampingScrollPhysics -> RangeMaintainingScrollPhysics))
                                                                                                                                                │      └StretchingOverscrollIndicator(axisDirection: down, state: _StretchingOverscrollIndicatorState#48cf6(tickers: tracking 1 ticker))
                                                                                                                                                │       └NotificationListener<ScrollNotification>
                                                                                                                                                │        └AnimatedBuilder(listenable: _StretchController(), dependencies: [MediaQuery], state: _AnimatedState#c6a37)
                                                                                                                                                │         └ClipRect(renderObject: RenderClipRect#7ab42 relayoutBoundary=up1)
                                                                                                                                                │          └Transform(dependencies: [Directionality], renderObject: RenderTransform#31292 relayoutBoundary=up2)
                                                                                                                                                │           └NotificationListener<ScrollMetricsNotification>
                                                                                                                                                │            └_ScrollSemantics-[GlobalKey#f129f](renderObject: _RenderScrollSemantics#bc6a4 relayoutBoundary=up3)
                                                                                                                                                │             └_ScrollableScope
                                                                                                                                                │              └Listener(listeners: [signal], behavior: deferToChild, renderObject: RenderPointerListener#4b6ac relayoutBoundary=up4)
                                                                                                                                                │               └RawGestureDetector-[LabeledGlobalKey<RawGestureDetectorState>#6ea4c](state: RawGestureDetectorState#ea79c(gestures: [vertical drag], behavior: opaque))
                                                                                                                                                │                └_GestureSemantics(renderObject: RenderSemanticsGestureHandler#0fe20 relayoutBoundary=up5)
                                                                                                                                                │                 └Listener(listeners: [down, panZoomStart], behavior: opaque, renderObject: RenderPointerListener#61fe4 relayoutBoundary=up6)
                                                                                                                                                │                  └Semantics(container: false, properties: SemanticsProperties, renderObject: RenderSemanticsAnnotations#7386e relayoutBoundary=up7)
                                                                                                                                                │                   └IgnorePointer-[GlobalKey#68761](ignoring: false, renderObject: RenderIgnorePointer#222d4 relayoutBoundary=up8)
                                                                                                                                                │                    └Viewport(axisDirection: down, anchor: 0.0, offset: ScrollPositionWithSingleContext#304d0(offset: 0.0, range: 0.0..74.0, viewport: 600.0, ScrollableState, BouncingScrollPhysics -> AlwaysScrollableScrollPhysics -> ClampingScrollPhysics -> RangeMaintainingScrollPhysics, IdleScrollActivity#f8a14, ScrollDirection.idle), cacheExtent: null, cacheExtentStyle: CacheExtentStyle.pixel, dependencies: [Directionality], renderObject: RenderViewport#5fa72)
                                                                                                                                                │                     ├ParallaxHeroSliverAppBar(dependencies: [MediaQuery])
                                                                                                                                                │                     │└SliverAppBar(dependencies: [MediaQuery], state: _SliverAppBarState#1d88d)
                                                                                                                                                │                     │ └MediaQuery(MediaQueryData(size: Size(800.0, 600.0), devicePixelRatio: 3.0, textScaler: SystemTextScaler (no scaling), platformBrightness: Brightness.light, padding: EdgeInsets.zero, viewPadding: EdgeInsets.zero, viewInsets: EdgeInsets.zero, systemGestureInsets: EdgeInsets.zero, alwaysUse24HourFormat: false, accessibleNavigation: false, highContrast: false, onOffSwitchLabels: false, disableAnimations: false, invertColors: false, boldText: false, navigationMode: traditional, gestureSettings: DeviceGestureSettings(touchSlop: null), displayFeatures: [], supportsShowingSystemContextMenu: false))
                                                                                                                                                │                     │  └SliverPersistentHeader(delegate: _SliverAppBarDelegate#4b36c(topPadding: 0.0, bottomHeight: 0.0, ...), mode: [pinned])
                                                                                                                                                │                     │   └_SliverPinnedPersistentHeader(delegate: _SliverAppBarDelegate#4b36c(topPadding: 0.0, bottomHeight: 0.0, ...), renderObject: _RenderSliverPinnedPersistentHeaderForWidgets#5ff9b relayoutBoundary=up1)
                                                                                                                                                │                     │    └FlexibleSpaceBarSettings
                                                                                                                                                │                     │     └AppBar(dependencies: [FlexibleSpaceBarSettings, InheritedCupertinoTheme, _InheritedTheme, _LocalizationsScope-[GlobalKey#2a293], _ModalScopeStatus, _ScrollNotificationObserverScope], state: _AppBarState#8bc9b)
                                                                                                                                                │                     │      └Semantics(container: true, properties: SemanticsProperties, renderObject: RenderSemanticsAnnotations#655e2 relayoutBoundary=up2)
                                                                                                                                                │                     │       └AnnotatedRegion<SystemUiOverlayStyle>(renderObject: RenderAnnotatedRegion<SystemUiOverlayStyle>#f98dd relayoutBoundary=up3)
                                                                                                                                                │                     │        └Material(type: canvas, color: Color(alpha: 1.0000, red: 0.1176, green: 0.8784, blue: 0.5333, colorSpace: ColorSpace.sRGB), shadowColor: Color(alpha: 0.0000, red: 0.0000, green: 0.0000, blue: 0.0000, colorSpace: ColorSpace.sRGB), surfaceTintColor: Color(alpha: 0.0000, red: 0.0000, green: 0.0000, blue: 0.0000, colorSpace: ColorSpace.sRGB), dependencies: [InheritedCupertinoTheme, _InheritedTheme, _LocalizationsScope-[GlobalKey#2a293]], state: _MaterialState#e520f)
                                                                                                                                                │                     │         └AnimatedPhysicalModel(duration: 200ms, shape: rectangle, borderRadius: null, elevation: 0.0, color: Color(alpha: 1.0000, red: 0.1176, green: 0.8784, blue: 0.5333, colorSpace: ColorSpace.sRGB), animateColor: false, shadowColor: Color(alpha: 0.0000, red: 0.0000, green: 0.0000, blue: 0.0000, colorSpace: ColorSpace.sRGB), animateShadowColor: true, state: _AnimatedPhysicalModelState#2834c(ticker inactive))
                                                                                                                                                │                     │          └PhysicalModel(shape: rectangle, borderRadius: BorderRadius.zero, elevation: 0.0, color: Color(alpha: 1.0000, red: 0.1176, green: 0.8784, blue: 0.5333, colorSpace: ColorSpace.sRGB), shadowColor: Color(alpha: 0.0000, red: 0.0000, green: 0.0000, blue: 0.0000, colorSpace: ColorSpace.sRGB), renderObject: RenderPhysicalModel#e6c91 relayoutBoundary=up4)
                                                                                                                                                │                     │           └NotificationListener<LayoutChangedNotification>
                                                                                                                                                │                     │            └_InkFeatures-[GlobalKey#21003 ink renderer](renderObject: _RenderInkFeatures#7ec6e relayoutBoundary=up5)
                                                                                                                                                │                     │             └AnimatedDefaultTextStyle(duration: 200ms, debugLabel: (englishLike bodyMedium 2021).merge((blackMountainView bodyMedium).apply), inherit: false, color: Color(alpha: 1.0000, red: 0.1137, green: 0.1059, blue: 0.1255, colorSpace: ColorSpace.sRGB), family: Roboto, size: 14.0, weight: 400, letterSpacing: 0.3, baseline: alphabetic, height: 1.4x, leadingDistribution: even, decoration: Color(alpha: 1.0000, red: 0.1137, green: 0.1059, blue: 0.1255, colorSpace: ColorSpace.sRGB) TextDecoration.none, softWrap: wrapping at box width, overflow: clip, state: _AnimatedDefaultTextStyleState#a0870(ticker inactive))
                                                                                                                                                │                     │              └DefaultTextStyle(debugLabel: (englishLike bodyMedium 2021).merge((blackMountainView bodyMedium).apply), inherit: false, color: Color(alpha: 1.0000, red: 0.1137, green: 0.1059, blue: 0.1255, colorSpace: ColorSpace.sRGB), family: Roboto, size: 14.0, weight: 400, letterSpacing: 0.3, baseline: alphabetic, height: 1.4x, leadingDistribution: even, decoration: Color(alpha: 1.0000, red: 0.1137, green: 0.1059, blue: 0.1255, colorSpace: ColorSpace.sRGB) TextDecoration.none, softWrap: wrapping at box width, overflow: clip)
                                                                                                                                                │                     │               └Semantics(container: false, properties: SemanticsProperties, renderObject: RenderSemanticsAnnotations#6a8dd relayoutBoundary=up6)
                                                                                                                                                │                     │                └Stack(alignment: AlignmentDirectional.topStart, fit: passthrough, dependencies: [Directionality], renderObject: RenderStack#2623e relayoutBoundary=up7)
                                                                                                                                                │                     │                 ├Semantics(container: false, properties: SemanticsProperties, sortKey: OrdinalSortKey#9ec76(order: 1.0), renderObject: RenderSemanticsAnnotations#b56e6 relayoutBoundary=up8)
                                                                                                                                                │                     │                 │└Semantics(container: false, properties: SemanticsProperties, renderObject: RenderSemanticsAnnotations#fa270 relayoutBoundary=up9)
                                                                                                                                                │                     │                 │ └FlexibleSpaceBar(dependencies: [Directionality], state: _FlexibleSpaceBarState#b3c1a)
                                                                                                                                                │                     │                 │  └LayoutBuilder(dependencies: [FlexibleSpaceBarSettings, InheritedCupertinoTheme, _InheritedTheme, _LocalizationsScope-[GlobalKey#2a293]], renderObject: _RenderLayoutBuilder#57ee8 relayoutBoundary=up10)
                                                                                                                                                │                     │                 │   └ClipRect(renderObject: RenderClipRect#9d3e5 relayoutBoundary=up11)
                                                                                                                                                │                     │                 │    └Stack(alignment: AlignmentDirectional.topStart, fit: loose, dependencies: [Directionality], renderObject: RenderStack#bd7ad relayoutBoundary=up12)
                                                                                                                                                │                     │                 │     ├Positioned(left: 0.0, top: -0.0, right: 0.0, height: 280.0)
                                                                                                                                                │                     │                 │     │└_FlexibleSpaceHeaderOpacity(renderObject: _RenderFlexibleSpaceHeaderOpacity#49c27)
                                                                                                                                                │                     │                 │     │ └Stack(alignment: AlignmentDirectional.topStart, fit: expand, dependencies: [Directionality], renderObject: RenderStack#c96c3)
                                                                                                                                                │                     │                 │     │  ├Hero(tag: hero/lesson/test_lesson_1, state: _HeroState#b3719)
                                                                                                                                                │                     │                 │     │  │└SizedBox(renderObject: RenderConstrainedBox#eaa0e)
                                                                                                                                                │                     │                 │     │  │ └Offstage(offstage: false, renderObject: RenderOffstage#b891f)
                                                                                                                                                │                     │                 │     │  │  └TickerMode(dependencies: [_EffectiveTickerMode], state: _TickerModeState#2ffab(requested mode: enabled))
                                                                                                                                                │                     │                 │     │  │   └_EffectiveTickerMode(effective mode: enabled)
                                                                                                                                                │                     │                 │     │  │    └KeyedSubtree-[GlobalKey#11f29]
                                                                                                                                                │                     │                 │     │  │     └Material(type: canvas, color: Color(alpha: 0.0000, red: 0.0000, green: 0.0000, blue: 0.0000, colorSpace: ColorSpace.sRGB), dependencies: [InheritedCupertinoTheme, _InheritedTheme, _LocalizationsScope-[GlobalKey#2a293]], state: _MaterialState#b04cd)
                                                                                                                                                │                     │                 │     │  │      └AnimatedPhysicalModel(duration: 200ms, shape: rectangle, borderRadius: null, elevation: 0.0, color: Color(alpha: 0.0000, red: 0.0000, green: 0.0000, blue: 0.0000, colorSpace: ColorSpace.sRGB), animateColor: false, shadowColor: Color(alpha: 1.0000, red: 0.0000, green: 0.0000, blue: 0.0000, colorSpace: ColorSpace.sRGB), animateShadowColor: true, state: _AnimatedPhysicalModelState#94395(ticker inactive))
                                                                                                                                                │                     │                 │     │  │       └PhysicalModel(shape: rectangle, borderRadius: BorderRadius.zero, elevation: 0.0, color: Color(alpha: 0.0000, red: 0.0000, green: 0.0000, blue: 0.0000, colorSpace: ColorSpace.sRGB), shadowColor: Color(alpha: 1.0000, red: 0.0000, green: 0.0000, blue: 0.0000, colorSpace: ColorSpace.sRGB), renderObject: RenderPhysicalModel#93e20)
                                                                                                                                                │                     │                 │     │  │        └NotificationListener<LayoutChangedNotification>
                                                                                                                                                │                     │                 │     │  │         └_InkFeatures-[GlobalKey#e9ede ink renderer](renderObject: _RenderInkFeatures#2cc2a)
                                                                                                                                                │                     │                 │     │  │          └AnimatedDefaultTextStyle(duration: 200ms, debugLabel: (englishLike bodyMedium 2021).merge((blackMountainView bodyMedium).apply), inherit: false, color: Color(alpha: 1.0000, red: 0.1137, green: 0.1059, blue: 0.1255, colorSpace: ColorSpace.sRGB), family: Roboto, size: 14.0, weight: 400, letterSpacing: 0.3, baseline: alphabetic, height: 1.4x, leadingDistribution: even, decoration: Color(alpha: 1.0000, red: 0.1137, green: 0.1059, blue: 0.1255, colorSpace: ColorSpace.sRGB) TextDecoration.none, softWrap: wrapping at box width, overflow: clip, state: _AnimatedDefaultTextStyleState#e7611(ticker inactive))
                                                                                                                                                │                     │                 │     │  │           └DefaultTextStyle(debugLabel: (englishLike bodyMedium 2021).merge((blackMountainView bodyMedium).apply), inherit: false, color: Color(alpha: 1.0000, red: 0.1137, green: 0.1059, blue: 0.1255, colorSpace: ColorSpace.sRGB), family: Roboto, size: 14.0, weight: 400, letterSpacing: 0.3, baseline: alphabetic, height: 1.4x, leadingDistribution: even, decoration: Color(alpha: 1.0000, red: 0.1137, green: 0.1059, blue: 0.1255, colorSpace: ColorSpace.sRGB) TextDecoration.none, softWrap: wrapping at box width, overflow: clip)
                                                                                                                                                │                     │                 │     │  │            └DecoratedBox(bg: BoxDecoration(gradient: LinearGradient(begin: Alignment.topLeft, end: Alignment.bottomRight, colors: [Color(alpha: 1.0000, red: 0.1176, green: 0.8784, blue: 0.5333, colorSpace: ColorSpace.sRGB), Color(alpha: 1.0000, red: 0.0000, green: 0.7804, blue: 0.4039, colorSpace: ColorSpace.sRGB)], tileMode: TileMode.clamp)), dependencies: [Directionality, MediaQuery, _LocalizationsScope-[GlobalKey#2a293]], renderObject: RenderDecoratedBox#a3960)
                                                                                                                                                │                     │                 │     │  ├Positioned(right: -28.0, bottom: -36.0)
                                                                                                                                                │                     │                 │     │  │└IgnorePointer(ignoring: true, renderObject: RenderIgnorePointer#e32d6 relayoutBoundary=up1)
                                                                                                                                                │                     │                 │     │  │ └Opacity(opacity: 0.2, renderObject: RenderOpacity#fb489 relayoutBoundary=up2)
                                                                                                                                                │                     │                 │     │  │  └Text("ᱚ", inherit: true, color: Color(alpha: 1.0000, red: 1.0000, green: 1.0000, blue: 1.0000, colorSpace: ColorSpace.sRGB), size: 240.0, weight: 900, height: 1.0x, dependencies: [DefaultSelectionStyle, DefaultTextStyle, MediaQuery])
                                                                                                                                                │                     │                 │     │  │   └RichText(softWrap: wrapping at box width, maxLines: unlimited, text: "ᱚ", dependencies: [Directionality, _LocalizationsScope-[GlobalKey#2a293]], renderObject: RenderParagraph#1a96c relayoutBoundary=up3)
                                                                                                                                                │                     │                 │     │  └Padding(padding: EdgeInsets(24.0, 56.0, 24.0, 64.0), dependencies: [Directionality], renderObject: RenderPadding#5416e)
                                                                                                                                                │                     │                 │     │   └Center(alignment: Alignment.center, dependencies: [Directionality], renderObject: RenderPositionedBox#716c7)
                                                                                                                                                │                     │                 │     │    └_LessonHeroSummary
                                                                                                                                                │                     │                 │     │     └Column(direction: vertical, mainAxisAlignment: center, crossAxisAlignment: start, dependencies: [Directionality], renderObject: RenderFlex#e6834 relayoutBoundary=up1)
                                                                                                                                                │                     │                 │     │      ├Padding(padding: EdgeInsets(0.0, 0.0, 0.0, 6.0), dependencies: [Directionality], renderObject: RenderPadding#3e8c8 relayoutBoundary=up2)
                                                                                                                                                │                     │                 │     │      │└Text("ᱚ", inherit: true, color: Color(alpha: 0.9200, red: 1.0000, green: 1.0000, blue: 1.0000, colorSpace: ColorSpace.sRGB), size: 22.0, weight: 700, dependencies: [DefaultSelectionStyle, DefaultTextStyle, MediaQuery])
                                                                                                                                                │                     │                 │     │      │ └RichText(softWrap: wrapping at box width, maxLines: unlimited, text: "ᱚ", dependencies: [Directionality, _LocalizationsScope-[GlobalKey#2a293]], renderObject: RenderParagraph#0305d relayoutBoundary=up3)
                                                                                                                                                │                     │                 │     │      └Row(direction: horizontal, mainAxisAlignment: start, crossAxisAlignment: center, dependencies: [Directionality], renderObject: RenderFlex#049c5 relayoutBoundary=up2)
                                                                                                                                                │                     │                 │     │       ├Container(padding: EdgeInsets(12.0, 6.0, 12.0, 6.0), bg: BoxDecoration(color: Color(alpha: 0.2000, red: 1.0000, green: 1.0000, blue: 1.0000, colorSpace: ColorSpace.sRGB), borderRadius: BorderRadius.circular(20.0)))
                                                                                                                                                │                     │                 │     │       │└DecoratedBox(bg: BoxDecoration(color: Color(alpha: 0.2000, red: 1.0000, green: 1.0000, blue: 1.0000, colorSpace: ColorSpace.sRGB), borderRadius: BorderRadius.circular(20.0)), dependencies: [Directionality, MediaQuery, _LocalizationsScope-[GlobalKey#2a293]], renderObject: RenderDecoratedBox#8ea68 relayoutBoundary=up3)
                                                                                                                                                │                     │                 │     │       │ └Padding(padding: EdgeInsets(12.0, 6.0, 12.0, 6.0), dependencies: [Directionality], renderObject: RenderPadding#58e7c relayoutBoundary=up4)
                                                                                                                                                │                     │                 │     │       │  └Row(direction: horizontal, mainAxisAlignment: start, mainAxisSize: min, crossAxisAlignment: center, dependencies: [Directionality], renderObject: RenderFlex#20025 relayoutBoundary=up5)
                                                                                                                                                │                     │                 │     │       │   ├Icon(IconData(U+F023C), size: 16.0, color: Color(alpha: 1.0000, red: 1.0000, green: 1.0000, blue: 1.0000, colorSpace: ColorSpace.sRGB), dependencies: [Directionality, IconTheme])
                                                                                                                                                │                     │                 │     │       │   │└Semantics(container: false, properties: SemanticsProperties, renderObject: RenderSemanticsAnnotations#9fb7a relayoutBoundary=up6)
                                                                                                                                                │                     │                 │     │       │   │ └ExcludeSemantics(excluding: true, renderObject: RenderExcludeSemantics#61bc8 relayoutBoundary=up7)
                                                                                                                                                │                     │                 │     │       │   │  └SizedBox(width: 16.0, height: 16.0, renderObject: RenderConstrainedBox#acf28 relayoutBoundary=up8)
                                                                                                                                                │                     │                 │     │       │   │   └Center(alignment: Alignment.center, dependencies: [Directionality], renderObject: RenderPositionedBox#e9320)
                                                                                                                                                │                     │                 │     │       │   │    └RichText(textDirection: ltr, softWrap: wrapping at box width, overflow: visible, maxLines: unlimited, text: "󰈼", dependencies: [_LocalizationsScope-[GlobalKey#2a293]], renderObject: RenderParagraph#0a20a relayoutBoundary=up1)
                                                                                                                                                │                     │                 │     │       │   ├SizedBox(width: 6.0, renderObject: RenderConstrainedBox#9ade1 relayoutBoundary=up6)
                                                                                                                                                │                     │                 │     │       │   └Text("5 min", inherit: true, color: Color(alpha: 1.0000, red: 1.0000, green: 1.0000, blue: 1.0000, colorSpace: ColorSpace.sRGB), size: 12.0, weight: 600, dependencies: [DefaultSelectionStyle, DefaultTextStyle, MediaQuery])
                                                                                                                                                │                     │                 │     │       │    └RichText(softWrap: wrapping at box width, maxLines: unlimited, text: "5 min", dependencies: [Directionality, _LocalizationsScope-[GlobalKey#2a293]], renderObject: RenderParagraph#df54d relayoutBoundary=up6)
                                                                                                                                                │                     │                 │     │       ├SizedBox(width: 12.0, renderObject: RenderConstrainedBox#9ecd9 relayoutBoundary=up3)
                                                                                                                                                │                     │                 │     │       └Container(padding: EdgeInsets(12.0, 6.0, 12.0, 6.0), bg: BoxDecoration(color: Color(alpha: 0.2000, red: 1.0000, green: 1.0000, blue: 1.0000, colorSpace: ColorSpace.sRGB), borderRadius: BorderRadius.circular(20.0)))
                                                                                                                                                │                     │                 │     │        └DecoratedBox(bg: BoxDecoration(color: Color(alpha: 0.2000, red: 1.0000, green: 1.0000, blue: 1.0000, colorSpace: ColorSpace.sRGB), borderRadius: BorderRadius.circular(20.0)), dependencies: [Directionality, MediaQuery, _LocalizationsScope-[GlobalKey#2a293]], renderObject: RenderDecoratedBox#431d4 relayoutBoundary=up3)
                                                                                                                                                │                     │                 │     │         └Padding(padding: EdgeInsets(12.0, 6.0, 12.0, 6.0), dependencies: [Directionality], renderObject: RenderPadding#b5131 relayoutBoundary=up4)
                                                                                                                                                │                     │                 │     │          └Row(direction: horizontal, mainAxisAlignment: start, mainAxisSize: min, crossAxisAlignment: center, dependencies: [Directionality], renderObject: RenderFlex#936f3 relayoutBoundary=up5)
                                                                                                                                                │                     │                 │     │           ├Icon(IconData(U+F017C), size: 16.0, color: Color(alpha: 1.0000, red: 1.0000, green: 1.0000, blue: 1.0000, colorSpace: ColorSpace.sRGB), dependencies: [Directionality, IconTheme])
                                                                                                                                                │                     │                 │     │           │└Semantics(container: false, properties: SemanticsProperties, renderObject: RenderSemanticsAnnotations#6609f relayoutBoundary=up6)
                                                                                                                                                │                     │                 │     │           │ └ExcludeSemantics(excluding: true, renderObject: RenderExcludeSemantics#c1f3b relayoutBoundary=up7)
                                                                                                                                                │                     │                 │     │           │  └SizedBox(width: 16.0, height: 16.0, renderObject: RenderConstrainedBox#b4f53 relayoutBoundary=up8)
                                                                                                                                                │                     │                 │     │           │   └Center(alignment: Alignment.center, dependencies: [Directionality], renderObject: RenderPositionedBox#eb657)
                                                                                                                                                │                     │                 │     │           │    └RichText(textDirection: ltr, softWrap: wrapping at box width, overflow: visible, maxLines: unlimited, text: "󰅼", dependencies: [_LocalizationsScope-[GlobalKey#2a293]], renderObject: RenderParagraph#40b7d relayoutBoundary=up1)
                                                                                                                                                │                     │                 │     │           ├SizedBox(width: 6.0, renderObject: RenderConstrainedBox#d7925 relayoutBoundary=up6)
                                                                                                                                                │                     │                 │     │           └Text("Beginner", inherit: true, color: Color(alpha: 1.0000, red: 1.0000, green: 1.0000, blue: 1.0000, colorSpace: ColorSpace.sRGB), size: 12.0, weight: 600, dependencies: [DefaultSelectionStyle, DefaultTextStyle, MediaQuery])
                                                                                                                                                │                     │                 │     │            └RichText(softWrap: wrapping at box width, maxLines: unlimited, text: "Beginner", dependencies: [Directionality, _LocalizationsScope-[GlobalKey#2a293]], renderObject: RenderParagraph#bfd82 relayoutBoundary=up6)
                                                                                                                                                │                     │                 │     └Padding(padding: EdgeInsetsDirectional(56.0, 0.0, 16.0, 16.0), dependencies: [Directionality], renderObject: RenderPadding#e1899 relayoutBoundary=up13)
                                                                                                                                                │                     │                 │      └Transform(dependencies: [Directionality], renderObject: RenderTransform#dfaaf relayoutBoundary=up14)
                                                                                                                                                │                     │                 │       └Align(alignment: Alignment.bottomLeft, dependencies: [Directionality], renderObject: RenderPositionedBox#409b9 relayoutBoundary=up15)
                                                                                                                                                │                     │                 │        └DefaultTextStyle(debugLabel: ((englishLike titleLarge 2021).merge((blackMountainView titleLarge).apply)).copyWith, inherit: false, color: Color(alpha: 1.0000, red: 0.1137, green: 0.1059, blue: 0.1255, colorSpace: ColorSpace.sRGB), family: Roboto, size: 22.0, weight: 400, letterSpacing: 0.0, baseline: alphabetic, height: 1.3x, leadingDistribution: even, decoration: Color(alpha: 1.0000, red: 0.1137, green: 0.1059, blue: 0.1255, colorSpace: ColorSpace.sRGB) TextDecoration.none, softWrap: wrapping at box width, overflow: clip)
                                                                                                                                                │                     │                 │         └LayoutBuilder(renderObject: _RenderLayoutBuilder#41abc relayoutBoundary=up16)
                                                                                                                                                │                     │                 │          └SizedBox(width: 485.3, renderObject: RenderConstrainedBox#a284d relayoutBoundary=up17)
                                                                                                                                                │                     │                 │           └Align(alignment: Alignment.bottomLeft, dependencies: [Directionality], renderObject: RenderPositionedBox#1dd5a relayoutBoundary=up18)
                                                                                                                                                │                     │                 │            └Semantics(container: false, properties: SemanticsProperties, renderObject: RenderSemanticsAnnotations#38b3e relayoutBoundary=up19)
                                                                                                                                                │                     │                 │             └Builder(dependencies: [DefaultTextStyle])
                                                                                                                                                │                     │                 │              └DefaultTextStyle(debugLabel: (((englishLike titleLarge 2021).merge((blackMountainView titleLarge).apply)).copyWith).merge(unknown), inherit: false, color: Color(alpha: 1.0000, red: 1.0000, green: 1.0000, blue: 1.0000, colorSpace: ColorSpace.sRGB), family: Roboto, size: 20.0, weight: 800, letterSpacing: -0.3, baseline: alphabetic, height: 1.3x, leadingDistribution: even, decoration: Color(alpha: 1.0000, red: 0.1137, green: 0.1059, blue: 0.1255, colorSpace: ColorSpace.sRGB) TextDecoration.none, softWrap: wrapping at box width, overflow: clip)
                                                                                                                                                │                     │                 │               └Text("Lesson 1", dependencies: [DefaultSelectionStyle, DefaultTextStyle, MediaQuery])
                                                                                                                                                │                     │                 │                └RichText(softWrap: wrapping at box width, maxLines: unlimited, text: "Lesson 1", dependencies: [Directionality, _LocalizationsScope-[GlobalKey#2a293]], renderObject: RenderParagraph#f3c9a relayoutBoundary=up20)
                                                                                                                                                │                     │                 └Semantics(container: false, properties: SemanticsProperties, sortKey: OrdinalSortKey#0821c(order: 0.0), renderObject: RenderSemanticsAnnotations#e6887 relayoutBoundary=up8)
                                                                                                                                                │                     │                  └Material(type: transparency, dependencies: [Directionality, InheritedCupertinoTheme, _InheritedTheme, _LocalizationsScope-[GlobalKey#2a293]], state: _MaterialState#4fffe)
                                                                                                                                                │                     │                   └ClipPath(clipper: ShapeBorderClipper, renderObject: RenderClipPath#3a8d3 relayoutBoundary=up9)
                                                                                                                                                │                     │                    └_ShapeBorderPaint(dependencies: [Directionality])
                                                                                                                                                │                     │                     └CustomPaint(renderObject: RenderCustomPaint#89dc3 relayoutBoundary=up10)
                                                                                                                                                │                     │                      └NotificationListener<LayoutChangedNotification>
                                                                                                                                                │                     │                       └_InkFeatures-[GlobalKey#8f708 ink renderer](renderObject: _RenderInkFeatures#c5c7f relayoutBoundary=up11)
                                                                                                                                                │                     │                        └AnimatedDefaultTextStyle(duration: 200ms, debugLabel: (englishLike bodyMedium 2021).merge((blackMountainView bodyMedium).apply), inherit: false, color: Color(alpha: 1.0000, red: 0.1137, green: 0.1059, blue: 0.1255, colorSpace: ColorSpace.sRGB), family: Roboto, size: 14.0, weight: 400, letterSpacing: 0.3, baseline: alphabetic, height: 1.4x, leadingDistribution: even, decoration: Color(alpha: 1.0000, red: 0.1137, green: 0.1059, blue: 0.1255, colorSpace: ColorSpace.sRGB) TextDecoration.none, softWrap: wrapping at box width, overflow: clip, state: _AnimatedDefaultTextStyleState#8e071(ticker inactive))
                                                                                                                                                │                     │                         └DefaultTextStyle(debugLabel: (englishLike bodyMedium 2021).merge((blackMountainView bodyMedium).apply), inherit: false, color: Color(alpha: 1.0000, red: 0.1137, green: 0.1059, blue: 0.1255, colorSpace: ColorSpace.sRGB), family: Roboto, size: 14.0, weight: 400, letterSpacing: 0.3, baseline: alphabetic, height: 1.4x, leadingDistribution: even, decoration: Color(alpha: 1.0000, red: 0.1137, green: 0.1059, blue: 0.1255, colorSpace: ColorSpace.sRGB) TextDecoration.none, softWrap: wrapping at box width, overflow: clip)
                                                                                                                                                │                     │                          └Align(alignment: Alignment.topCenter, dependencies: [Directionality], renderObject: RenderPositionedBox#cc422 relayoutBoundary=up12)
                                                                                                                                                │                     │                           └SafeArea(avoid left padding, avoid top padding, avoid right padding, dependencies: [MediaQuery])
                                                                                                                                                │                     │                            └Padding(padding: EdgeInsets.zero, dependencies: [Directionality], renderObject: RenderPadding#596d4 relayoutBoundary=up13)
                                                                                                                                                │                     │                             └MediaQuery(MediaQueryData(size: Size(800.0, 600.0), devicePixelRatio: 3.0, textScaler: SystemTextScaler (no scaling), platformBrightness: Brightness.light, padding: EdgeInsets.zero, viewPadding: EdgeInsets.zero, viewInsets: EdgeInsets.zero, systemGestureInsets: EdgeInsets.zero, alwaysUse24HourFormat: false, accessibleNavigation: false, highContrast: false, onOffSwitchLabels: false, disableAnimations: false, invertColors: false, boldText: false, navigationMode: traditional, gestureSettings: DeviceGestureSettings(touchSlop: null), displayFeatures: [], supportsShowingSystemContextMenu: false))
                                                                                                                                                │                     │                              └ClipRect(renderObject: RenderClipRect#76b9a relayoutBoundary=up14)
                                                                                                                                                │                     │                               └CustomSingleChildLayout(renderObject: RenderCustomSingleChildLayoutBox#c741b relayoutBoundary=up15)
                                                                                                                                                │                     │                                └Builder(dependencies: [IconTheme])
                                                                                                                                                │                     │                                 └IconTheme(color: Color(alpha: 1.0000, red: 1.0000, green: 1.0000, blue: 1.0000, colorSpace: ColorSpace.sRGB))
                                                                                                                                                │                     │                                  └DefaultTextStyle(debugLabel: ((englishLike bodyMedium 2021).merge((blackMountainView bodyMedium).apply)).copyWith, inherit: false, color: Color(alpha: 1.0000, red: 1.0000, green: 1.0000, blue: 1.0000, colorSpace: ColorSpace.sRGB), family: Roboto, size: 14.0, weight: 400, letterSpacing: 0.3, baseline: alphabetic, height: 1.4x, leadingDistribution: even, decoration: Color(alpha: 1.0000, red: 0.1137, green: 0.1059, blue: 0.1255, colorSpace: ColorSpace.sRGB) TextDecoration.none, softWrap: wrapping at box width, overflow: clip)
                                                                                                                                                │                     │                                   └NavigationToolbar(dependencies: [Directionality])
                                                                                                                                                │                     │                                    └CustomMultiChildLayout(renderObject: RenderCustomMultiChildLayoutBox#2545e relayoutBoundary=up16)
                                                                                                                                                │                     │                                     ├LayoutId-[<_ToolbarSlot.leading>](id: _ToolbarSlot.leading)
                                                                                                                                                │                     │                                     │└ConstrainedBox(BoxConstraints(w=56.0, 0.0<=h<=Infinity), renderObject: RenderConstrainedBox#34b6f relayoutBoundary=up17)
                                                                                                                                                │                     │                                     │ └IconButtonTheme
                                                                                                                                                │                     │                                     │  └Center(alignment: Alignment.center, dependencies: [Directionality], renderObject: RenderPositionedBox#0673f)
                                                                                                                                                │                     │                                     │   └IconButton(disabled, disabled, dependencies: [InheritedCupertinoTheme, _InheritedTheme, _LocalizationsScope-[GlobalKey#2a293]])
                                                                                                                                                │                     │                                     │    └_SelectableIconButton(state: _SelectableIconButtonState#61837)
                                                                                                                                                │                     │                                     │     └_IconButtonM3(style: ButtonStyle#55e6d, dependencies: [IconButtonTheme, IconTheme, InheritedCupertinoTheme, _InheritedTheme, _LocalizationsScope-[GlobalKey#2a293]], state: _ButtonStyleState#74fe8)
                                                                                                                                                │                     │                                     │      └Semantics(container: true, properties: SemanticsProperties, renderObject: RenderSemanticsAnnotations#ed464 relayoutBoundary=up1)
                                                                                                                                                │                     │                                     │       └_InputPadding(renderObject: _RenderInputPadding#ee05a relayoutBoundary=up2)
                                                                                                                                                │                     │                                     │        └ConstrainedBox(BoxConstraints(40.0<=w<=Infinity, 40.0<=h<=Infinity), renderObject: RenderConstrainedBox#46858 relayoutBoundary=up3)
                                                                                                                                                │                     │                                     │         └Material(type: button, color: Color(alpha: 0.0000, red: 0.0000, green: 0.0000, blue: 0.0000, colorSpace: ColorSpace.sRGB), shadowColor: Color(alpha: 0.0000, red: 0.0000, green: 0.0000, blue: 0.0000, colorSpace: ColorSpace.sRGB), surfaceTintColor: Color(alpha: 0.0000, red: 0.0000, green: 0.0000, blue: 0.0000, colorSpace: ColorSpace.sRGB), shape: StadiumBorder(BorderSide(width: 0.0, style: none)), borderOnForeground: false, dependencies: [InheritedCupertinoTheme, _InheritedTheme, _LocalizationsScope-[GlobalKey#2a293]], state: _MaterialState#d497e)
                                                                                                                                                │                     │                                     │          └_MaterialInterior(duration: 200ms, shape: StadiumBorder(BorderSide(width: 0.0, style: none)), elevation: 0.0, color: Color(alpha: 0.0000, red: 0.0000, green: 0.0000, blue: 0.0000, colorSpace: ColorSpace.sRGB), shadowColor: Color(alpha: 0.0000, red: 0.0000, green: 0.0000, blue: 0.0000, colorSpace: ColorSpace.sRGB), dependencies: [Directionality, InheritedCupertinoTheme, _InheritedTheme, _LocalizationsScope-[GlobalKey#2a293]], state: _MaterialInteriorState#68c94(ticker inactive))
                                                                                                                                                │                     │                                     │           └PhysicalShape(clipper: ShapeBorderClipper, elevation: 0.0, color: Color(alpha: 0.0000, red: 0.0000, green: 0.0000, blue: 0.0000, colorSpace: ColorSpace.sRGB), shadowColor: Color(alpha: 0.0000, red: 0.0000, green: 0.0000, blue: 0.0000, colorSpace: ColorSpace.sRGB), renderObject: RenderPhysicalShape#46a67 relayoutBoundary=up4)
                                                                                                                                                │                     │                                     │            └_ShapeBorderPaint(dependencies: [Directionality])
                                                                                                                                                │                     │                                     │             └CustomPaint(renderObject: RenderCustomPaint#e48d1 relayoutBoundary=up5)
                                                                                                                                                │                     │                                     │              └NotificationListener<LayoutChangedNotification>
                                                                                                                                                │                     │                                     │               └_InkFeatures-[GlobalKey#ebc59 ink renderer](renderObject: _RenderInkFeatures#ee65b relayoutBoundary=up6)
                                                                                                                                                │                     │                                     │                └AnimatedDefaultTextStyle(duration: 200ms, debugLabel: (englishLike bodyMedium 2021).merge((blackMountainView bodyMedium).apply), inherit: false, color: Color(alpha: 1.0000, red: 0.1137, green: 0.1059, blue: 0.1255, colorSpace: ColorSpace.sRGB), family: Roboto, size: 14.0, weight: 400, letterSpacing: 0.3, baseline: alphabetic, height: 1.4x, leadingDistribution: even, decoration: Color(alpha: 1.0000, red: 0.1137, green: 0.1059, blue: 0.1255, colorSpace: ColorSpace.sRGB) TextDecoration.none, softWrap: wrapping at box width, overflow: clip, state: _AnimatedDefaultTextStyleState#878ba(ticker inactive))
                                                                                                                                                │                     │                                     │                 └DefaultTextStyle(debugLabel: (englishLike bodyMedium 2021).merge((blackMountainView bodyMedium).apply), inherit: false, color: Color(alpha: 1.0000, red: 0.1137, green: 0.1059, blue: 0.1255, colorSpace: ColorSpace.sRGB), family: Roboto, size: 14.0, weight: 400, letterSpacing: 0.3, baseline: alphabetic, height: 1.4x, leadingDistribution: even, decoration: Color(alpha: 1.0000, red: 0.1137, green: 0.1059, blue: 0.1255, colorSpace: ColorSpace.sRGB) TextDecoration.none, softWrap: wrapping at box width, overflow: clip)
                                                                                                                                                │                     │                                     │                  └AnimatedTheme(duration: 200ms, state: _AnimatedThemeState#8d68d(ticker inactive, ThemeDataTween(ThemeData#e7d95 → ThemeData#e7d95)))
                                                                                                                                                │                     │                                     │                   └Theme(ThemeData#e7d95, dependencies: [DefaultSelectionStyle, InheritedCupertinoTheme])
                                                                                                                                                │                     │                                     │                    └_InheritedTheme
                                                                                                                                                │                     │                                     │                     └CupertinoTheme(brightness: light, primaryColor: Color(alpha: 1.0000, red: 0.4039, green: 0.3137, blue: 0.6431, colorSpace: ColorSpace.sRGB), scaffoldBackgroundColor: Color(alpha: 1.0000, red: 0.9961, green: 0.9686, blue: 1.0000, colorSpace: ColorSpace.sRGB), actionTextStyle: TextStyle(inherit: false, color: Color(alpha: 1.0000, red: 0.4039, green: 0.3137, blue: 0.6431, colorSpace: ColorSpace.sRGB), family: CupertinoSystemText, size: 17.0, letterSpacing: -0.4, decoration: TextDecoration.none), actionSmallTextStyle: TextStyle(inherit: false, color: Color(alpha: 1.0000, red: 0.4039, green: 0.3137, blue: 0.6431, colorSpace: ColorSpace.sRGB), family: CupertinoSystemText, size: 15.0, letterSpacing: -0.2, decoration: TextDecoration.none), navActionTextStyle: TextStyle(inherit: false, color: Color(alpha: 1.0000, red: 0.4039, green: 0.3137, blue: 0.6431, colorSpace: ColorSpace.sRGB), family: CupertinoSystemText, size: 17.0, letterSpacing: -0.4, decoration: TextDecoration.none))
                                                                                                                                                │                     │                                     │                      └InheritedCupertinoTheme
                                                                                                                                                │                     │                                     │                       └IconTheme(color: Color(alpha: 1.0000, red: 0.4039, green: 0.3137, blue: 0.6431, colorSpace: ColorSpace.sRGB))
                                                                                                                                                │                     │                                     │                        └IconTheme(size: 24.0, fill: 0.0, weight: 400.0, grade: 0.0, opticalSize: 48.0, color: Color(alpha: 1.0000, red: 1.0000, green: 1.0000, blue: 1.0000, colorSpace: ColorSpace.sRGB), opacity: 1.0, applyTextScaling: false)
                                                                                                                                                │                     │                                     │                         └DefaultSelectionStyle
                                                                                                                                                │                     │                                     │                          └InkWell
                                                                                                                                                │                     │                                     │                           └_InkResponseStateWidget(gestures: [tap], mouseCursor: ButtonStyleButton_MouseCursor, clipped to BoxShape.rectangle, dependencies: [InheritedCupertinoTheme, MediaQuery, _InheritedTheme, _LocalizationsScope-[GlobalKey#2a293]], state: _InkResponseState#e3652)
                                                                                                                                                │                     │                                     │                            └_ParentInkResponseProvider
                                                                                                                                                │                     │                                     │                             └Actions(dispatcher: null, actions: {ActivateIntent: CallbackAction<ActivateIntent>#fe1fb, ButtonActivateIntent: CallbackAction<ButtonActivateIntent>#6d1ed}, state: _ActionsState#203b7)
                                                                                                                                                │                     │                                     │                              └_ActionsScope
                                                                                                                                                │                     │                                     │                               └Focus(dependencies: [_FocusInheritedScope], state: _FocusState#50671)
                                                                                                                                                │                     │                                     │                                └_FocusInheritedScope
                                                                                                                                                │                     │                                     │                                 └Semantics(container: false, properties: SemanticsProperties, renderObject: RenderSemanticsAnnotations#4a600 relayoutBoundary=up7)
                                                                                                                                                │                     │                                     │                                  └MouseRegion(listeners: [enter, exit], cursor: SystemMouseCursor(click), renderObject: RenderMouseRegion#3e76c relayoutBoundary=up8)
                                                                                                                                                │                     │                                     │                                   └Builder(dependencies: [DefaultSelectionStyle])
                                                                                                                                                │                     │                                     │                                    └DefaultSelectionStyle
                                                                                                                                                │                     │                                     │                                     └Semantics(container: false, properties: SemanticsProperties, renderObject: RenderSemanticsAnnotations#534c5 relayoutBoundary=up9)
                                                                                                                                                │                     │                                     │                                      └GestureDetector(startBehavior: start, dependencies: [MediaQuery, ScrollConfiguration])
                                                                                                                                                │                     │                                     │                                       └RawGestureDetector(state: RawGestureDetectorState#793bb(gestures: [tap], excludeFromSemantics: true, behavior: opaque))
                                                                                                                                                │                     │                                     │                                        └Listener(listeners: [down, panZoomStart], behavior: opaque, renderObject: RenderPointerListener#6623e relayoutBoundary=up10)
                                                                                                                                                │                     │                                     │                                         └Padding(padding: EdgeInsets.all(8.0), dependencies: [Directionality], renderObject: RenderPadding#d7ba9 relayoutBoundary=up11)
                                                                                                                                                │                     │                                     │                                          └Align(alignment: Alignment.center, widthFactor: 1.0, heightFactor: 1.0, dependencies: [Directionality], renderObject: RenderPositionedBox#70ff4 relayoutBoundary=up12)
                                                                                                                                                │                     │                                     │                                           └Semantics(container: false, properties: SemanticsProperties, renderObject: RenderSemanticsAnnotations#c2f20 relayoutBoundary=up13)
                                                                                                                                                │                     │                                     │                                            └Icon(IconData(U+0F572), dependencies: [Directionality, IconTheme])
                                                                                                                                                │                     │                                     │                                             └Semantics(container: false, properties: SemanticsProperties, renderObject: RenderSemanticsAnnotations#61dfd relayoutBoundary=up14)
                                                                                                                                                │                     │                                     │                                              └ExcludeSemantics(excluding: true, renderObject: RenderExcludeSemantics#9f713 relayoutBoundary=up15)
                                                                                                                                                │                     │                                     │                                               └SizedBox(width: 24.0, height: 24.0, renderObject: RenderConstrainedBox#fdc6a relayoutBoundary=up16)
                                                                                                                                                │                     │                                     │                                                └Center(alignment: Alignment.center, dependencies: [Directionality], renderObject: RenderPositionedBox#4a676)
                                                                                                                                                │                     │                                     │                                                 └RichText(textDirection: ltr, softWrap: wrapping at box width, overflow: visible, maxLines: unlimited, text: "", dependencies: [_LocalizationsScope-[GlobalKey#2a293]], renderObject: RenderParagraph#05ac8 relayoutBoundary=up1)
                                                                                                                                                │                     │                                     └LayoutId-[<_ToolbarSlot.middle>](id: _ToolbarSlot.middle)
                                                                                                                                                │                     │                                      └Builder(dependencies: [MediaQuery])
                                                                                                                                                │                     │                                       └MediaQuery(MediaQueryData(size: Size(800.0, 600.0), devicePixelRatio: 3.0, textScaler: SystemTextScaler (no scaling) clamped [0.0, 1.34], platformBrightness: Brightness.light, padding: EdgeInsets.zero, viewPadding: EdgeInsets.zero, viewInsets: EdgeInsets.zero, systemGestureInsets: EdgeInsets.zero, alwaysUse24HourFormat: false, accessibleNavigation: false, highContrast: false, onOffSwitchLabels: false, disableAnimations: false, invertColors: false, boldText: false, navigationMode: traditional, gestureSettings: DeviceGestureSettings(touchSlop: null), displayFeatures: [], supportsShowingSystemContextMenu: false))
                                                                                                                                                │                     │                                        └DefaultTextStyle(debugLabel: ((englishLike titleLarge 2021).merge((blackMountainView titleLarge).apply)).copyWith, inherit: false, color: Color(alpha: 1.0000, red: 1.0000, green: 1.0000, blue: 1.0000, colorSpace: ColorSpace.sRGB), family: Roboto, size: 22.0, weight: 400, letterSpacing: 0.0, baseline: alphabetic, height: 1.3x, leadingDistribution: even, decoration: Color(alpha: 1.0000, red: 0.1137, green: 0.1059, blue: 0.1255, colorSpace: ColorSpace.sRGB) TextDecoration.none, softWrap: no wrapping except at line break characters, overflow: ellipsis)
                                                                                                                                                │                     │                                         └Semantics(container: false, properties: SemanticsProperties, renderObject: RenderSemanticsAnnotations#c52bd relayoutBoundary=up17)
                                                                                                                                                │                     │                                          └_AppBarTitleBox(dependencies: [Directionality], renderObject: _RenderAppBarTitleBox#d5c3a relayoutBoundary=up18)
                                                                                                                                                │                     │                                           └AnimatedOpacity(duration: 500ms, opacity: 0.0, state: _AnimatedOpacityState#60b93(ticker inactive))
                                                                                                                                                │                     │                                            └FadeTransition(opacity: AnimationController#3dcd0(⏮ 0.000; paused; for AnimatedOpacity)➩Cubic(0.20, 0.00, 0.00, 1.00)➩Tween<double>(0.0 → 0.0)➩0.0, renderObject: RenderAnimatedOpacity#066ce relayoutBoundary=up19)
                                                                                                                                                │                     └SliverPadding(padding: EdgeInsets(20.0, 20.0, 20.0, 112.0), dependencies: [Directionality], renderObject: RenderSliverPadding#d2265 relayoutBoundary=up1)
                                                                                                                                                │                      └SliverList(delegate: SliverChildListDelegate#55c6a(estimated child count: 5), renderObject: RenderSliverList#6b7e3 relayoutBoundary=up2)
                                                                                                                                                │                       ├KeyedSubtree
                                                                                                                                                │                       │└AutomaticKeepAlive(state: _AutomaticKeepAliveState#2aba4(handles: no notifications ever received))
                                                                                                                                                │                       │ └KeepAlive(keepAlive: false)
                                                                                                                                                │                       │  └NotificationListener<KeepAliveNotification>
                                                                                                                                                │                       │   └_SelectionKeepAlive(state: _SelectionKeepAliveState#f5551)
                                                                                                                                                │                       │    └IndexedSemantics(index: 0, renderObject: RenderIndexedSemantics#7f6b9 relayoutBoundary=up3)
                                                                                                                                                │                       │     └RepaintBoundary(renderObject: RenderRepaintBoundary#44dfa relayoutBoundary=up4)
                                                                                                                                                │                       │      └Text("About this lesson", inherit: true, color: Color(alpha: 1.0000, red: 0.0000, green: 0.0000, blue: 0.0000, colorSpace: ColorSpace.sRGB), size: 18.0, weight: 700, dependencies: [DefaultSelectionStyle, DefaultTextStyle, MediaQuery])
                                                                                                                                                │                       │       └RichText(softWrap: wrapping at box width, maxLines: unlimited, text: "About this lesson", dependencies: [Directionality, _LocalizationsScope-[GlobalKey#2a293]], renderObject: RenderParagraph#d7a39 relayoutBoundary=up5)
                                                                                                                                                │                       ├KeyedSubtree
                                                                                                                                                │                       │└AutomaticKeepAlive(state: _AutomaticKeepAliveState#65f5a(handles: no notifications ever received))
                                                                                                                                                │                       │ └KeepAlive(keepAlive: false)
                                                                                                                                                │                       │  └NotificationListener<KeepAliveNotification>
                                                                                                                                                │                       │   └_SelectionKeepAlive(state: _SelectionKeepAliveState#6ee9f)
                                                                                                                                                │                       │    └IndexedSemantics(index: 1, renderObject: RenderIndexedSemantics#b2913 relayoutBoundary=up3)
                                                                                                                                                │                       │     └RepaintBoundary(renderObject: RenderRepaintBoundary#89660 relayoutBoundary=up4)
                                                                                                                                                │                       │      └SizedBox(height: 12.0, renderObject: RenderConstrainedBox#9c232 relayoutBoundary=up5)
                                                                                                                                                │                       ├KeyedSubtree
                                                                                                                                                │                       │└AutomaticKeepAlive(state: _AutomaticKeepAliveState#7b867(handles: no notifications ever received))
                                                                                                                                                │                       │ └KeepAlive(keepAlive: false)
                                                                                                                                                │                       │  └NotificationListener<KeepAliveNotification>
                                                                                                                                                │                       │   └_SelectionKeepAlive(state: _SelectionKeepAliveState#7543d)
                                                                                                                                                │                       │    └IndexedSemantics(index: 2, renderObject: RenderIndexedSemantics#d72cd relayoutBoundary=up3)
                                                                                                                                                │                       │     └RepaintBoundary(renderObject: RenderRepaintBoundary#55a28 relayoutBoundary=up4)
                                                                                                                                                │                       │      └Text("Learn the first letter", inherit: true, color: Color(alpha: 0.8667, red: 0.0000, green: 0.0000, blue: 0.0000, colorSpace: ColorSpace.sRGB), size: 15.0, height: 1.6x, dependencies: [DefaultSelectionStyle, DefaultTextStyle, MediaQuery])
                                                                                                                                                │                       │       └RichText(softWrap: wrapping at box width, maxLines: unlimited, text: "Learn the first letter", dependencies: [Directionality, _LocalizationsScope-[GlobalKey#2a293]], renderObject: RenderParagraph#86b02 relayoutBoundary=up5)
                                                                                                                                                │                       ├KeyedSubtree
                                                                                                                                                │                       │└AutomaticKeepAlive(state: _AutomaticKeepAliveState#2a602(handles: no notifications ever received))
                                                                                                                                                │                       │ └KeepAlive(keepAlive: false)
                                                                                                                                                │                       │  └NotificationListener<KeepAliveNotification>
                                                                                                                                                │                       │   └_SelectionKeepAlive(state: _SelectionKeepAliveState#1f3a9)
                                                                                                                                                │                       │    └IndexedSemantics(index: 3, renderObject: RenderIndexedSemantics#4ccc2 relayoutBoundary=up3)
                                                                                                                                                │                       │     └RepaintBoundary(renderObject: RenderRepaintBoundary#eb029 relayoutBoundary=up4)
                                                                                                                                                │                       │      └SizedBox(height: 24.0, renderObject: RenderConstrainedBox#f56bd relayoutBoundary=up5)
                                                                                                                                                │                       └KeyedSubtree
                                                                                                                                                │                        └AutomaticKeepAlive(state: _AutomaticKeepAliveState#e5f5a(handles: no notifications ever received))
                                                                                                                                                │                         └KeepAlive(keepAlive: false)
                                                                                                                                                │                          └NotificationListener<KeepAliveNotification>
                                                                                                                                                │                           └_SelectionKeepAlive(state: _SelectionKeepAliveState#9fad2)
                                                                                                                                                │                            └IndexedSemantics(index: 4, renderObject: RenderIndexedSemantics#b1874 relayoutBoundary=up3)
                                                                                                                                                │                             └RepaintBoundary(renderObject: RenderRepaintBoundary#d0596 relayoutBoundary=up4)
                                                                                                                                                │                              └FadeInSlide(state: _FadeInSlideState#d6c75(ticker inactive))
                                                                                                                                                │                               └AnimatedBuilder(listenable: AnimationController#5eb69(⏭ 1.000; paused), state: _AnimatedState#5089f)
                                                                                                                                                │                                └Opacity(opacity: 1.0, renderObject: RenderOpacity#98b3c relayoutBoundary=up5)
                                                                                                                                                │                                 └Transform(dependencies: [Directionality], renderObject: RenderTransform#8acb6 relayoutBoundary=up6)
                                                                                                                                                │                                  └Column(direction: vertical, mainAxisAlignment: start, crossAxisAlignment: start, dependencies: [Directionality], renderObject: RenderFlex#96972 relayoutBoundary=up7)
                                                                                                                                                │                                   ├Text("Letters to Learn", inherit: true, color: Color(alpha: 1.0000, red: 0.0000, green: 0.0000, blue: 0.0000, colorSpace: ColorSpace.sRGB), size: 18.0, weight: 700, dependencies: [DefaultSelectionStyle, DefaultTextStyle, MediaQuery])
                                                                                                                                                │                                   │└RichText(softWrap: wrapping at box width, maxLines: unlimited, text: "Letters to Learn", dependencies: [Directionality, _LocalizationsScope-[GlobalKey#2a293]], renderObject: RenderParagraph#b33dd relayoutBoundary=up8)
                                                                                                                                                │                                   ├SizedBox(height: 16.0, renderObject: RenderConstrainedBox#93ca1 relayoutBoundary=up8)
                                                                                                                                                │                                   └Column(direction: vertical, mainAxisAlignment: start, crossAxisAlignment: start, dependencies: [Directionality], renderObject: RenderFlex#2b6bb relayoutBoundary=up8)
                                                                                                                                                │                                    └Padding(padding: EdgeInsets(0.0, 0.0, 0.0, 20.0), dependencies: [Directionality], renderObject: RenderPadding#0cc6b relayoutBoundary=up9)
                                                                                                                                                │                                     └DynamicBlockBuilder(dependencies: [InheritedCupertinoTheme, _InheritedTheme, _LocalizationsScope-[GlobalKey#2a293]], state: _ConsumerState#823ac)
                                                                                                                                                │                                      └_TextBlock(state: _ConsumerState#ac3a9)
                                                                                                                                                │                                       └Padding(padding: EdgeInsets(4.0, 0.0, 4.0, 0.0), dependencies: [Directionality], renderObject: RenderPadding#4f335 relayoutBoundary=up10)
                                                                                                                                                │                                        └ScaleButton(state: _ScaleButtonState#67c8c(ticker inactive))
                                                                                                                                                │                                         └GestureDetector(startBehavior: start, dependencies: [MediaQuery, ScrollConfiguration])
                                                                                                                                                │                                          └RawGestureDetector(state: RawGestureDetectorState#b8769(gestures: [tap], behavior: opaque))
                                                                                                                                                │                                           └_GestureSemantics(renderObject: RenderSemanticsGestureHandler#98b5e relayoutBoundary=up11)
                                                                                                                                                │                                            └Listener(listeners: [down, panZoomStart], behavior: opaque, renderObject: RenderPointerListener#95ae7 relayoutBoundary=up12)
                                                                                                                                                │                                             └AnimatedBuilder(listenable: AnimationController#690fd(⏮ 0.000; paused), state: _AnimatedState#ceac2)
                                                                                                                                                │                                              └Transform(dependencies: [Directionality], renderObject: RenderTransform#0ba1b relayoutBoundary=up13)
                                                                                                                                                │                                               └Container(padding: EdgeInsets(20.0, 18.0, 20.0, 18.0), bg:
                                                                                                                                                │                                                │  BoxDecoration(color: Color(alpha: 1.0000, red: 1.0000, green: 1.0000, blue: 1.0000, colorSpace: ColorSpace.sRGB), border: Border.all(BorderSide(color: Color(alpha: 0.4000, red: 0.1176, green: 0.8784, blue: 0.5333, colorSpace: ColorSpace.sRGB), width: 1.5)), borderRadius: BorderRadius.circular(20.0),
                                                                                                                                                │                                                │    boxShadow: [BoxShadow(Color(alpha: 0.0500, red: 0.0000, green:
                                                                                                                                                │                                                │      0.0000, blue: 0.0000, colorSpace: ColorSpace.sRGB), Offset(0.0,
                                                                                                                                                │                                                │      4.0), 12.0, 0.0, BlurStyle.normal)]
                                                                                                                                                │                                                │    )
                                                                                                                                                │                                                │, constraints: BoxConstraints(w=Infinity, 0.0<=h<=Infinity))
                                                                                                                                                │                                                └ConstrainedBox(BoxConstraints(w=Infinity, 0.0<=h<=Infinity), renderObject: RenderConstrainedBox#cedc4 relayoutBoundary=up14)
                                                                                                                                                │                                                 └DecoratedBox(bg:
                                                                                                                                                │                                                  │  BoxDecoration(color: Color(alpha: 1.0000, red: 1.0000, green: 1.0000, blue: 1.0000, colorSpace: ColorSpace.sRGB), border: Border.all(BorderSide(color: Color(alpha: 0.4000, red: 0.1176, green: 0.8784, blue: 0.5333, colorSpace: ColorSpace.sRGB), width: 1.5)), borderRadius: BorderRadius.circular(20.0),
                                                                                                                                                │                                                  │    boxShadow: [BoxShadow(Color(alpha: 0.0500, red: 0.0000, green:
                                                                                                                                                │                                                  │      0.0000, blue: 0.0000, colorSpace: ColorSpace.sRGB), Offset(0.0,
                                                                                                                                                │                                                  │      4.0), 12.0, 0.0, BlurStyle.normal)]
                                                                                                                                                │                                                  │    )
                                                                                                                                                │                                                  │, dependencies: [Directionality, MediaQuery, _LocalizationsScope-[GlobalKey#2a293]], renderObject: RenderDecoratedBox#b9c00 relayoutBoundary=up15)
                                                                                                                                                │                                                  └Padding(padding: EdgeInsets(21.5, 19.5, 21.5, 19.5), dependencies: [Directionality], renderObject: RenderPadding#afbc1 relayoutBoundary=up16)
                                                                                                                                                │                                                   └Row(direction: horizontal, mainAxisAlignment: start, crossAxisAlignment: center, dependencies: [Directionality], renderObject: RenderFlex#a026a relayoutBoundary=up17)
                                                                                                                                                │                                                    ├Expanded(flex: 1)
                                                                                                                                                │                                                    │└Column(direction: vertical, mainAxisAlignment: start, crossAxisAlignment: start, dependencies: [Directionality], renderObject: RenderFlex#b9c24 relayoutBoundary=up18)
                                                                                                                                                │                                                    │ ├Text("ᱚ", inherit: true, color: Color(alpha: 1.0000, red: 0.1176, green: 0.8784, blue: 0.5333, colorSpace: ColorSpace.sRGB), size: 36.0, weight: 800, height: 1.2x, dependencies: [DefaultSelectionStyle, DefaultTextStyle, MediaQuery])
                                                                                                                                                │                                                    │ │└RichText(softWrap: wrapping at box width, maxLines: unlimited, text: "ᱚ", dependencies: [Directionality, _LocalizationsScope-[GlobalKey#2a293]], renderObject: RenderParagraph#7a428 relayoutBoundary=up19)
                                                                                                                                                │                                                    │ ├SizedBox(height: 8.0, renderObject: RenderConstrainedBox#7cb76 relayoutBoundary=up19)
                                                                                                                                                │                                                    │ └Text("This is the first letter of Ol Chiki.", inherit: true, color: Color(alpha: 0.8667, red: 0.0000, green: 0.0000, blue: 0.0000, colorSpace: ColorSpace.sRGB), size: 17.0, weight: 500, letterSpacing: 0.3, dependencies: [DefaultSelectionStyle, DefaultTextStyle, MediaQuery])
                                                                                                                                                │                                                    │  └RichText(softWrap: wrapping at box width, maxLines: unlimited, text: "This is the first letter of Ol Chiki.", dependencies: [Directionality, _LocalizationsScope-[GlobalKey#2a293]], renderObject: RenderParagraph#ddffe relayoutBoundary=up19)
                                                                                                                                                │                                                    ├SizedBox(width: 12.0, renderObject: RenderConstrainedBox#c264b relayoutBoundary=up18)
                                                                                                                                                │                                                    └Container(padding: EdgeInsets.all(8.0), bg: BoxDecoration(color: Color(alpha: 0.1000, red: 0.1176, green: 0.8784, blue: 0.5333, colorSpace: ColorSpace.sRGB), shape: circle))
                                                                                                                                                │                                                     └DecoratedBox(bg: BoxDecoration(color: Color(alpha: 0.1000, red: 0.1176, green: 0.8784, blue: 0.5333, colorSpace: ColorSpace.sRGB), shape: circle), dependencies: [Directionality, MediaQuery, _LocalizationsScope-[GlobalKey#2a293]], renderObject: RenderDecoratedBox#316d0 relayoutBoundary=up18)
                                                                                                                                                │                                                      └Padding(padding: EdgeInsets.all(8.0), dependencies: [Directionality], renderObject: RenderPadding#4d6f5 relayoutBoundary=up19)
                                                                                                                                                │                                                       └Icon(IconData(U+0F579), size: 16.0, color: Color(alpha: 1.0000, red: 0.1176, green: 0.8784, blue: 0.5333, colorSpace: ColorSpace.sRGB), dependencies: [Directionality, IconTheme])
                                                                                                                                                │                                                        └Semantics(container: false, properties: SemanticsProperties, renderObject: RenderSemanticsAnnotations#01f1b relayoutBoundary=up20)
                                                                                                                                                │                                                         └ExcludeSemantics(excluding: true, renderObject: RenderExcludeSemantics#28a2c relayoutBoundary=up21)
                                                                                                                                                │                                                          └SizedBox(width: 16.0, height: 16.0, renderObject: RenderConstrainedBox#3ee0a relayoutBoundary=up22)
                                                                                                                                                │                                                           └Center(alignment: Alignment.center, dependencies: [Directionality], renderObject: RenderPositionedBox#a2c1c)
                                                                                                                                                │                                                            └RichText(textDirection: ltr, softWrap: wrapping at box width, overflow: visible, maxLines: unlimited, text: "", dependencies: [_LocalizationsScope-[GlobalKey#2a293]], renderObject: RenderParagraph#d39a6 relayoutBoundary=up1)
                                                                                                                                                └LayoutId-[<_ScaffoldSlot.floatingActionButton>](id: _ScaffoldSlot.floatingActionButton)
                                                                                                                                                 └MediaQuery(MediaQueryData(size: Size(800.0, 600.0), devicePixelRatio: 3.0, textScaler: SystemTextScaler (no scaling), platformBrightness: Brightness.light, padding: EdgeInsets.zero, viewPadding: EdgeInsets.zero, viewInsets: EdgeInsets.zero, systemGestureInsets: EdgeInsets.zero, alwaysUse24HourFormat: false, accessibleNavigation: false, highContrast: false, onOffSwitchLabels: false, disableAnimations: false, invertColors: false, boldText: false, navigationMode: traditional, gestureSettings: DeviceGestureSettings(touchSlop: null), displayFeatures: [], supportsShowingSystemContextMenu: false))
                                                                                                                                                  └_FloatingActionButtonTransition(state: _FloatingActionButtonTransitionState#0b827(tickers: tracking 1 ticker))
                                                                                                                                                   └Stack(alignment: Alignment.centerRight, fit: loose, dependencies: [Directionality], renderObject: RenderStack#af58c relayoutBoundary=up1)
                                                                                                                                                    └ScaleTransition(listenable: AnimationMin<double>(_AnimationSwap<double>(AnimationController#f603f(⏭ 1.000; paused)➩CurveTween(curve: FlippedCurve(Interval(0.5⋯1.0)➩Cubic(0.25, 0.10, 0.25, 1.00)))➩1.0➪ReverseAnimation, AnimationController#f603f(⏭ 1.000; paused)➩CurveTween(curve: Interval(0.5⋯1.0)➩Cubic(0.25, 0.10, 0.25, 1.00))➩1.0), AnimationController#a9a97(⏭ 1.000; paused)➩Cubic(0.42, 0.00, 1.00, 1.00)), state: _AnimatedState#06795)
                                                                                                                                                     └Transform(dependencies: [Directionality], renderObject: RenderTransform#9b4b4 relayoutBoundary=up2)
                                                                                                                                                      └RotationTransition(listenable: AnimationController#a9a97(⏭ 1.000; paused)➩CurveTween(curve: Cubic(0.42, 0.00, 1.00, 1.00))➩Tween<double>(0.875 → 1.0)➩1.0➩TrainHoppingAnimation(next: _AnimationSwap<double>(AnimationController#f603f(⏭ 1.000; paused)➩Tween<double>(0.75 → 1.0)➩1.0, AnimationController#f603f(⏭ 1.000; paused)➩CurveTween(curve: Threshold)➩1.0➪ReverseAnimation)), state: _AnimatedState#4b28a)
                                                                                                                                                       └Transform(dependencies: [Directionality], renderObject: RenderTransform#53687 relayoutBoundary=up3)
                                                                                                                                                        └Container(constraints: BoxConstraints(w=Infinity, 0.0<=h<=Infinity), margin: EdgeInsets(20.0, 0.0, 20.0, 16.0))
                                                                                                                                                         └Padding(padding: EdgeInsets(20.0, 0.0, 20.0, 16.0), dependencies: [Directionality], renderObject: RenderPadding#b4f18 relayoutBoundary=up4)
                                                                                                                                                          └ConstrainedBox(BoxConstraints(w=Infinity, 0.0<=h<=Infinity), renderObject: RenderConstrainedBox#089c0 relayoutBoundary=up5)
                                                                                                                                                           └FloatingActionButton(backgroundColor: Color(alpha: 1.0000, red: 0.1176, green: 0.8784, blue: 0.5333, colorSpace: ColorSpace.sRGB), hero, extended, dependencies: [InheritedCupertinoTheme, _InheritedTheme, _LocalizationsScope-[GlobalKey#2a293]])
                                                                                                                                                            └MergeSemantics(renderObject: RenderMergeSemantics#cfaa1 relayoutBoundary=up6)
                                                                                                                                                             └Hero(tag: <default FloatingActionButton tag>, state: _HeroState#78ba5)
                                                                                                                                                              └SizedBox(renderObject: RenderConstrainedBox#e5fd9 relayoutBoundary=up7)
                                                                                                                                                               └Offstage(offstage: false, renderObject: RenderOffstage#f8738 relayoutBoundary=up8)
                                                                                                                                                                └TickerMode(dependencies: [_EffectiveTickerMode], state: _TickerModeState#e2f38(requested mode: enabled))
                                                                                                                                                                 └_EffectiveTickerMode(effective mode: enabled)
                                                                                                                                                                  └KeyedSubtree-[GlobalKey#d5cdb]
                                                                                                                                                                   └RawMaterialButton(dependencies: [InheritedCupertinoTheme, _InheritedTheme, _LocalizationsScope-[GlobalKey#2a293]], state: _RawMaterialButtonState#d0547(materialStates: {}))
                                                                                                                                                                    └Semantics(container: true, properties: SemanticsProperties, renderObject: RenderSemanticsAnnotations#4a12c relayoutBoundary=up9)
                                                                                                                                                                     └_InputPadding(renderObject: _RenderInputPadding#17144 relayoutBoundary=up10)
                                                                                                                                                                      └ConstrainedBox(BoxConstraints(0.0<=w<=Infinity, h=56.0), renderObject: RenderConstrainedBox#070dc relayoutBoundary=up11)
                                                                                                                                                                       └Material(type: button, elevation: 6.0, color: Color(alpha: 1.0000, red: 0.1176, green: 0.8784, blue: 0.5333, colorSpace: ColorSpace.sRGB), shadowColor: Color(alpha: 1.0000, red: 0.0000, green: 0.0000, blue: 0.0000, colorSpace: ColorSpace.sRGB), textStyle.debugLabel: (((englishLike labelLarge 2021).merge((blackMountainView labelLarge).apply)).copyWith).copyWith, textStyle.inherit: false, textStyle.color: Color(alpha: 1.0000, red: 0.3098, green: 0.2157, blue: 0.5451, colorSpace: ColorSpace.sRGB), textStyle.family: Roboto, textStyle.size: 14.0, textStyle.weight: 500, textStyle.letterSpacing: 0.1, textStyle.baseline: alphabetic, textStyle.height: 1.4x, textStyle.leadingDistribution: even, textStyle.decoration: Color(alpha: 1.0000, red: 0.1137, green: 0.1059, blue: 0.1255, colorSpace: ColorSpace.sRGB) TextDecoration.none, shape: RoundedRectangleBorder(BorderSide(width: 0.0, style: none), BorderRadius.circular(16.0)), dependencies: [InheritedCupertinoTheme, _InheritedTheme, _LocalizationsScope-[GlobalKey#2a293]], state: _MaterialState#b7cef)
                                                                                                                                                                        └_MaterialInterior(duration: 200ms, shape: RoundedRectangleBorder(BorderSide(width: 0.0, style: none), BorderRadius.circular(16.0)), elevation: 6.0, color: Color(alpha: 1.0000, red: 0.1176, green: 0.8784, blue: 0.5333, colorSpace: ColorSpace.sRGB), shadowColor: Color(alpha: 1.0000, red: 0.0000, green: 0.0000, blue: 0.0000, colorSpace: ColorSpace.sRGB), dependencies: [Directionality, InheritedCupertinoTheme, _InheritedTheme, _LocalizationsScope-[GlobalKey#2a293]], state: _MaterialInteriorState#360a0(ticker inactive))
                                                                                                                                                                         └PhysicalShape(clipper: ShapeBorderClipper, elevation: 6.0, color: Color(alpha: 1.0000, red: 0.1176, green: 0.8784, blue: 0.5333, colorSpace: ColorSpace.sRGB), shadowColor: Color(alpha: 1.0000, red: 0.0000, green: 0.0000, blue: 0.0000, colorSpace: ColorSpace.sRGB), renderObject: RenderPhysicalShape#f2ea4)
                                                                                                                                                                          └_ShapeBorderPaint(dependencies: [Directionality])
                                                                                                                                                                           └CustomPaint(renderObject: RenderCustomPaint#fcde6)
                                                                                                                                                                            └NotificationListener<LayoutChangedNotification>
                                                                                                                                                                             └_InkFeatures-[GlobalKey#5e435 ink renderer](renderObject: _RenderInkFeatures#bebfd)
                                                                                                                                                                              └AnimatedDefaultTextStyle(duration: 200ms, debugLabel: (((englishLike labelLarge 2021).merge((blackMountainView labelLarge).apply)).copyWith).copyWith, inherit: false, color: Color(alpha: 1.0000, red: 0.3098, green: 0.2157, blue: 0.5451, colorSpace: ColorSpace.sRGB), family: Roboto, size: 14.0, weight: 500, letterSpacing: 0.1, baseline: alphabetic, height: 1.4x, leadingDistribution: even, decoration: Color(alpha: 1.0000, red: 0.1137, green: 0.1059, blue: 0.1255, colorSpace: ColorSpace.sRGB) TextDecoration.none, softWrap: wrapping at box width, overflow: clip, state: _AnimatedDefaultTextStyleState#3c253(ticker inactive))
                                                                                                                                                                               └DefaultTextStyle(debugLabel: (((englishLike labelLarge 2021).merge((blackMountainView labelLarge).apply)).copyWith).copyWith, inherit: false, color: Color(alpha: 1.0000, red: 0.3098, green: 0.2157, blue: 0.5451, colorSpace: ColorSpace.sRGB), family: Roboto, size: 14.0, weight: 500, letterSpacing: 0.1, baseline: alphabetic, height: 1.4x, leadingDistribution: even, decoration: Color(alpha: 1.0000, red: 0.1137, green: 0.1059, blue: 0.1255, colorSpace: ColorSpace.sRGB) TextDecoration.none, softWrap: wrapping at box width, overflow: clip)
                                                                                                                                                                                └InkWell
                                                                                                                                                                                 └_InkResponseStateWidget(gestures: [tap], mouseCursor: SystemMouseCursor(click), clipped to BoxShape.rectangle, dependencies: [InheritedCupertinoTheme, MediaQuery, _InheritedTheme, _LocalizationsScope-[GlobalKey#2a293]], state: _InkResponseState#a28d1)
                                                                                                                                                                                  └_ParentInkResponseProvider
                                                                                                                                                                                   └Actions(dispatcher: null, actions: {ActivateIntent: CallbackAction<ActivateIntent>#7cfab, ButtonActivateIntent: CallbackAction<ButtonActivateIntent>#654ec}, state: _ActionsState#ca888)
                                                                                                                                                                                    └_ActionsScope
                                                                                                                                                                                     └Focus(dependencies: [_FocusInheritedScope], state: _FocusState#38192)
                                                                                                                                                                                      └_FocusInheritedScope
                                                                                                                                                                                       └Semantics(container: false, properties: SemanticsProperties, renderObject: RenderSemanticsAnnotations#5148f)
                                                                                                                                                                                        └MouseRegion(listeners: [enter, exit], cursor: SystemMouseCursor(click), renderObject: RenderMouseRegion#2f270)
                                                                                                                                                                                         └Builder(dependencies: [DefaultSelectionStyle])
                                                                                                                                                                                          └DefaultSelectionStyle
                                                                                                                                                                                           └Semantics(container: false, properties: SemanticsProperties, renderObject: RenderSemanticsAnnotations#63116)
                                                                                                                                                                                            └GestureDetector(startBehavior: start, dependencies: [MediaQuery, ScrollConfiguration])
                                                                                                                                                                                             └RawGestureDetector(state: RawGestureDetectorState#230fc(gestures: [tap], excludeFromSemantics: true, behavior: opaque))
                                                                                                                                                                                              └Listener(listeners: [down, panZoomStart], behavior: opaque, renderObject: RenderPointerListener#53ab0)
                                                                                                                                                                                               └Builder(dependencies: [IconTheme])
                                                                                                                                                                                                └IconTheme(color: Color(alpha: 1.0000, red: 0.3098, green: 0.2157, blue: 0.5451, colorSpace: ColorSpace.sRGB))
                                                                                                                                                                                                 └Padding(padding: EdgeInsets.zero, dependencies: [Directionality], renderObject: RenderPadding#72d6c)
                                                                                                                                                                                                  └Center(alignment: Alignment.center, widthFactor: 1.0, heightFactor: 1.0, dependencies: [Directionality], renderObject: RenderPositionedBox#f433c)
                                                                                                                                                                                                   └_ChildOverflowBox(dependencies: [Directionality], renderObject: _RenderChildOverflowBox#4a98d relayoutBoundary=up1)
                                                                                                                                                                                                    └Padding(padding: EdgeInsetsDirectional(16.0, 0.0, 20.0, 0.0), dependencies: [Directionality], renderObject: RenderPadding#87ba9 relayoutBoundary=up2)
                                                                                                                                                                                                     └Row(direction: horizontal, mainAxisAlignment: start, mainAxisSize: min, crossAxisAlignment: center, dependencies: [Directionality], renderObject: RenderFlex#585c0 relayoutBoundary=up3)
                                                                                                                                                                                                      ├Icon(IconData(U+0F635), color: Color(alpha: 1.0000, red: 1.0000, green: 1.0000, blue: 1.0000, colorSpace: ColorSpace.sRGB), dependencies: [Directionality, IconTheme])
                                                                                                                                                                                                      │└Semantics(container: false, properties: SemanticsProperties, renderObject: RenderSemanticsAnnotations#d632d relayoutBoundary=up4)
                                                                                                                                                                                                      │ └ExcludeSemantics(excluding: true, renderObject: RenderExcludeSemantics#f5359 relayoutBoundary=up5)
                                                                                                                                                                                                      │  └SizedBox(width: 24.0, height: 24.0, renderObject: RenderConstrainedBox#ca368 relayoutBoundary=up6)
                                                                                                                                                                                                      │   └Center(alignment: Alignment.center, dependencies: [Directionality], renderObject: RenderPositionedBox#7b50a)
                                                                                                                                                                                                      │    └RichText(textDirection: ltr, softWrap: wrapping at box width, overflow: visible, maxLines: unlimited, text: "", dependencies: [_LocalizationsScope-[GlobalKey#2a293]], renderObject: RenderParagraph#b7e49 relayoutBoundary=up1)
                                                                                                                                                                                                      ├SizedBox(width: 8.0, renderObject: RenderConstrainedBox#8acf0 relayoutBoundary=up4)
                                                                                                                                                                                                      └Text("Complete Lesson", inherit: true, color: Color(alpha: 1.0000, red: 1.0000, green: 1.0000, blue: 1.0000, colorSpace: ColorSpace.sRGB), size: 16.0, weight: 700, dependencies: [DefaultSelectionStyle, DefaultTextStyle, MediaQuery])
                                                                                                                                                                                                       └RichText(softWrap: wrapping at box width, maxLines: unlimited, text: "Complete Lesson", dependencies: [Directionality, _LocalizationsScope-[GlobalKey#2a293]], renderObject: RenderParagraph#0ec41 relayoutBoundary=up4)



To run this test again: /opt/homebrew/share/flutter/bin/cache/dart-sdk/bin/dart test /Users/dulorai/olitun/olitunapp/test/features/lessons/lesson_detail_screen_test.dart -p vm --plain-name 'LessonDetailScreen shows lesson content'
00:04 +0 -2: Some tests failed.                                                                                                                                                                        
